Archive member included to satisfy reference by file (symbol)

c:/st/stm32cubeide_1.0.1/stm32cubeide/plugins/com.st.stm32cube.ide.mcu.externaltools.gnu-tools-for-stm32.7-2018-q2-update.win32_1.0.0.201904181610/tools/bin/../lib/gcc/arm-none-eabi/7.3.1/../../../../arm-none-eabi/lib/thumb/v7e-m/fpv4-sp/hard\libc_nano.a(lib_a-errno.o)
                              Src/syscalls.o (__errno)
c:/st/stm32cubeide_1.0.1/stm32cubeide/plugins/com.st.stm32cube.ide.mcu.externaltools.gnu-tools-for-stm32.7-2018-q2-update.win32_1.0.0.201904181610/tools/bin/../lib/gcc/arm-none-eabi/7.3.1/../../../../arm-none-eabi/lib/thumb/v7e-m/fpv4-sp/hard\libc_nano.a(lib_a-exit.o)
                              c:/st/stm32cubeide_1.0.1/stm32cubeide/plugins/com.st.stm32cube.ide.mcu.externaltools.gnu-tools-for-stm32.7-2018-q2-update.win32_1.0.0.201904181610/tools/bin/../lib/gcc/arm-none-eabi/7.3.1/../../../../arm-none-eabi/lib/thumb/v7e-m/fpv4-sp/hard/crt0.o (exit)
c:/st/stm32cubeide_1.0.1/stm32cubeide/plugins/com.st.stm32cube.ide.mcu.externaltools.gnu-tools-for-stm32.7-2018-q2-update.win32_1.0.0.201904181610/tools/bin/../lib/gcc/arm-none-eabi/7.3.1/../../../../arm-none-eabi/lib/thumb/v7e-m/fpv4-sp/hard\libc_nano.a(lib_a-impure.o)
                              c:/st/stm32cubeide_1.0.1/stm32cubeide/plugins/com.st.stm32cube.ide.mcu.externaltools.gnu-tools-for-stm32.7-2018-q2-update.win32_1.0.0.201904181610/tools/bin/../lib/gcc/arm-none-eabi/7.3.1/../../../../arm-none-eabi/lib/thumb/v7e-m/fpv4-sp/hard\libc_nano.a(lib_a-exit.o) (_global_impure_ptr)
c:/st/stm32cubeide_1.0.1/stm32cubeide/plugins/com.st.stm32cube.ide.mcu.externaltools.gnu-tools-for-stm32.7-2018-q2-update.win32_1.0.0.201904181610/tools/bin/../lib/gcc/arm-none-eabi/7.3.1/../../../../arm-none-eabi/lib/thumb/v7e-m/fpv4-sp/hard\libc_nano.a(lib_a-init.o)
                              c:/st/stm32cubeide_1.0.1/stm32cubeide/plugins/com.st.stm32cube.ide.mcu.externaltools.gnu-tools-for-stm32.7-2018-q2-update.win32_1.0.0.201904181610/tools/bin/../lib/gcc/arm-none-eabi/7.3.1/../../../../arm-none-eabi/lib/thumb/v7e-m/fpv4-sp/hard/crt0.o (__libc_init_array)
c:/st/stm32cubeide_1.0.1/stm32cubeide/plugins/com.st.stm32cube.ide.mcu.externaltools.gnu-tools-for-stm32.7-2018-q2-update.win32_1.0.0.201904181610/tools/bin/../lib/gcc/arm-none-eabi/7.3.1/../../../../arm-none-eabi/lib/thumb/v7e-m/fpv4-sp/hard\libc_nano.a(lib_a-memset.o)
                              c:/st/stm32cubeide_1.0.1/stm32cubeide/plugins/com.st.stm32cube.ide.mcu.externaltools.gnu-tools-for-stm32.7-2018-q2-update.win32_1.0.0.201904181610/tools/bin/../lib/gcc/arm-none-eabi/7.3.1/../../../../arm-none-eabi/lib/thumb/v7e-m/fpv4-sp/hard/crt0.o (memset)
c:/st/stm32cubeide_1.0.1/stm32cubeide/plugins/com.st.stm32cube.ide.mcu.externaltools.gnu-tools-for-stm32.7-2018-q2-update.win32_1.0.0.201904181610/tools/bin/../lib/gcc/arm-none-eabi/7.3.1/../../../../arm-none-eabi/lib/thumb/v7e-m/fpv4-sp/hard\libc_nano.a(lib_a-sprintf.o)
                              Src/main.o (sprintf)
c:/st/stm32cubeide_1.0.1/stm32cubeide/plugins/com.st.stm32cube.ide.mcu.externaltools.gnu-tools-for-stm32.7-2018-q2-update.win32_1.0.0.201904181610/tools/bin/../lib/gcc/arm-none-eabi/7.3.1/../../../../arm-none-eabi/lib/thumb/v7e-m/fpv4-sp/hard\libc_nano.a(lib_a-nano-svfprintf.o)
                              c:/st/stm32cubeide_1.0.1/stm32cubeide/plugins/com.st.stm32cube.ide.mcu.externaltools.gnu-tools-for-stm32.7-2018-q2-update.win32_1.0.0.201904181610/tools/bin/../lib/gcc/arm-none-eabi/7.3.1/../../../../arm-none-eabi/lib/thumb/v7e-m/fpv4-sp/hard\libc_nano.a(lib_a-sprintf.o) (_svfprintf_r)
c:/st/stm32cubeide_1.0.1/stm32cubeide/plugins/com.st.stm32cube.ide.mcu.externaltools.gnu-tools-for-stm32.7-2018-q2-update.win32_1.0.0.201904181610/tools/bin/../lib/gcc/arm-none-eabi/7.3.1/../../../../arm-none-eabi/lib/thumb/v7e-m/fpv4-sp/hard\libc_nano.a(lib_a-nano-vfprintf_i.o)
                              c:/st/stm32cubeide_1.0.1/stm32cubeide/plugins/com.st.stm32cube.ide.mcu.externaltools.gnu-tools-for-stm32.7-2018-q2-update.win32_1.0.0.201904181610/tools/bin/../lib/gcc/arm-none-eabi/7.3.1/../../../../arm-none-eabi/lib/thumb/v7e-m/fpv4-sp/hard\libc_nano.a(lib_a-nano-svfprintf.o) (_printf_i)
c:/st/stm32cubeide_1.0.1/stm32cubeide/plugins/com.st.stm32cube.ide.mcu.externaltools.gnu-tools-for-stm32.7-2018-q2-update.win32_1.0.0.201904181610/tools/bin/../lib/gcc/arm-none-eabi/7.3.1/../../../../arm-none-eabi/lib/thumb/v7e-m/fpv4-sp/hard\libc_nano.a(lib_a-memchr.o)
                              c:/st/stm32cubeide_1.0.1/stm32cubeide/plugins/com.st.stm32cube.ide.mcu.externaltools.gnu-tools-for-stm32.7-2018-q2-update.win32_1.0.0.201904181610/tools/bin/../lib/gcc/arm-none-eabi/7.3.1/../../../../arm-none-eabi/lib/thumb/v7e-m/fpv4-sp/hard\libc_nano.a(lib_a-nano-svfprintf.o) (memchr)
[...]
Memory Configuration

Name             Origin             Length             Attributes
FLASH            0x0000000008000000 0x0000000000080000 xr
CCMRAM           0x0000000010000000 0x0000000000010000 xrw
RAM              0x0000000020000000 0x0000000000020000 xrw
*default*        0x0000000000000000 0xffffffffffffffff

Linker script and memory map

LOAD c:/st/stm32cubeide_1.0.1/stm32cubeide/plugins/com.st.stm32cube.ide.mcu.externaltools.gnu-tools-for-stm32.7-2018-q2-update.win32_1.0.0.201904181610/tools/bin/../lib/gcc/arm-none-eabi/7.3.1/thumb/v7e-m/fpv4-sp/hard/crti.o
LOAD c:/st/stm32cubeide_1.0.1/stm32cubeide/plugins/com.st.stm32cube.ide.mcu.externaltools.gnu-tools-for-stm32.7-2018-q2-update.win32_1.0.0.201904181610/tools/bin/../lib/gcc/arm-none-eabi/7.3.1/thumb/v7e-m/fpv4-sp/hard/crtbegin.o
LOAD c:/st/stm32cubeide_1.0.1/stm32cubeide/plugins/com.st.stm32cube.ide.mcu.externaltools.gnu-tools-for-stm32.7-2018-q2-update.win32_1.0.0.201904181610/tools/bin/../lib/gcc/arm-none-eabi/7.3.1/../../../../arm-none-eabi/lib/thumb/v7e-m/fpv4-sp/hard/crt0.o
LOAD Drivers/STM32F4xx_HAL_Driver/stm32f4xx_hal.o
LOAD Drivers/STM32F4xx_HAL_Driver/stm32f4xx_hal_cortex.o
LOAD Drivers/STM32F4xx_HAL_Driver/stm32f4xx_hal_dma.o
LOAD Drivers/STM32F4xx_HAL_Driver/stm32f4xx_hal_dma_ex.o
LOAD Drivers/STM32F4xx_HAL_Driver/stm32f4xx_hal_exti.o
LOAD Drivers/STM32F4xx_HAL_Driver/stm32f4xx_hal_flash.o
LOAD Drivers/STM32F4xx_HAL_Driver/stm32f4xx_hal_flash_ex.o
LOAD Drivers/STM32F4xx_HAL_Driver/stm32f4xx_hal_flash_ramfunc.o
LOAD Drivers/STM32F4xx_HAL_Driver/stm32f4xx_hal_gpio.o
LOAD Drivers/STM32F4xx_HAL_Driver/stm32f4xx_hal_pwr.o
LOAD Drivers/STM32F4xx_HAL_Driver/stm32f4xx_hal_pwr_ex.o
LOAD Drivers/STM32F4xx_HAL_Driver/stm32f4xx_hal_rcc.o
LOAD Drivers/STM32F4xx_HAL_Driver/stm32f4xx_hal_rcc_ex.o
LOAD Drivers/STM32F4xx_HAL_Driver/stm32f4xx_hal_sd.o
LOAD Drivers/STM32F4xx_HAL_Driver/stm32f4xx_hal_tim.o
LOAD Drivers/STM32F4xx_HAL_Driver/stm32f4xx_hal_tim_ex.o
LOAD Drivers/STM32F4xx_HAL_Driver/stm32f4xx_hal_uart.o
LOAD Drivers/STM32F4xx_HAL_Driver/stm32f4xx_ll_sdmmc.o
LOAD Middlewares/FatFs/diskio.o
LOAD Middlewares/FatFs/ff.o
LOAD Middlewares/FatFs/ff_gen_drv.o
LOAD Middlewares/FatFs/syscall.o
LOAD Src/bsp_driver_sd.o
LOAD Src/fatfs.o
LOAD Src/main.o
LOAD Src/sd_diskio.o
LOAD Src/stm32f4xx_hal_msp.o
LOAD Src/stm32f4xx_it.o
LOAD Src/syscalls.o
LOAD Src/sysmem.o
LOAD Src/system_stm32f4xx.o
LOAD Startup/startup_stm32f407vetx.o
START GROUP
LOAD c:/st/stm32cubeide_1.0.1/stm32cubeide/plugins/com.st.stm32cube.ide.mcu.externaltools.gnu-tools-for-stm32.7-2018-q2-update.win32_1.0.0.201904181610/tools/bin/../lib/gcc/arm-none-eabi/7.3.1/../../../../arm-none-eabi/lib/thumb/v7e-m/fpv4-sp/hard\libstdc++_nano.a
LOAD c:/st/stm32cubeide_1.0.1/stm32cubeide/plugins/com.st.stm32cube.ide.mcu.externaltools.gnu-tools-for-stm32.7-2018-q2-update.win32_1.0.0.201904181610/tools/bin/../lib/gcc/arm-none-eabi/7.3.1/../../../../arm-none-eabi/lib/thumb/v7e-m/fpv4-sp/hard\libsupc++_nano.a
END GROUP
LOAD c:/st/stm32cubeide_1.0.1/stm32cubeide/plugins/com.st.stm32cube.ide.mcu.externaltools.gnu-tools-for-stm32.7-2018-q2-update.win32_1.0.0.201904181610/tools/bin/../lib/gcc/arm-none-eabi/7.3.1/../../../../arm-none-eabi/lib/thumb/v7e-m/fpv4-sp/hard\libstdc++_nano.a
LOAD c:/st/stm32cubeide_1.0.1/stm32cubeide/plugins/com.st.stm32cube.ide.mcu.externaltools.gnu-tools-for-stm32.7-2018-q2-update.win32_1.0.0.201904181610/tools/bin/../lib/gcc/arm-none-eabi/7.3.1/../../../../arm-none-eabi/lib/thumb/v7e-m/fpv4-sp/hard\libm.a
LOAD c:/st/stm32cubeide_1.0.1/stm32cubeide/plugins/com.st.stm32cube.ide.mcu.externaltools.gnu-tools-for-stm32.7-2018-q2-update.win32_1.0.0.201904181610/tools/bin/../lib/gcc/arm-none-eabi/7.3.1/../../../../arm-none-eabi/lib/thumb/v7e-m/fpv4-sp/hard\libc_nano.a
START GROUP
LOAD c:/st/stm32cubeide_1.0.1/stm32cubeide/plugins/com.st.stm32cube.ide.mcu.externaltools.gnu-tools-for-stm32.7-2018-q2-update.win32_1.0.0.201904181610/tools/bin/../lib/gcc/arm-none-eabi/7.3.1/thumb/v7e-m/fpv4-sp/hard\libgcc.a
LOAD c:/st/stm32cubeide_1.0.1/stm32cubeide/plugins/com.st.stm32cube.ide.mcu.externaltools.gnu-tools-for-stm32.7-2018-q2-update.win32_1.0.0.201904181610/tools/bin/../lib/gcc/arm-none-eabi/7.3.1/../../../../arm-none-eabi/lib/thumb/v7e-m/fpv4-sp/hard\libc_nano.a
END GROUP
START GROUP
LOAD c:/st/stm32cubeide_1.0.1/stm32cubeide/plugins/com.st.stm32cube.ide.mcu.externaltools.gnu-tools-for-stm32.7-2018-q2-update.win32_1.0.0.201904181610/tools/bin/../lib/gcc/arm-none-eabi/7.3.1/thumb/v7e-m/fpv4-sp/hard\libgcc.a
LOAD c:/st/stm32cubeide_1.0.1/stm32cubeide/plugins/com.st.stm32cube.ide.mcu.externaltools.gnu-tools-for-stm32.7-2018-q2-update.win32_1.0.0.201904181610/tools/bin/../lib/gcc/arm-none-eabi/7.3.1/../../../../arm-none-eabi/lib/thumb/v7e-m/fpv4-sp/hard\libc_nano.a
LOAD c:/st/stm32cubeide_1.0.1/stm32cubeide/plugins/com.st.stm32cube.ide.mcu.externaltools.gnu-tools-for-stm32.7-2018-q2-update.win32_1.0.0.201904181610/tools/bin/../lib/gcc/arm-none-eabi/7.3.1/../../../../arm-none-eabi/lib/thumb/v7e-m/fpv4-sp/hard\libnosys.a
END GROUP
START GROUP
LOAD c:/st/stm32cubeide_1.0.1/stm32cubeide/plugins/com.st.stm32cube.ide.mcu.externaltools.gnu-tools-for-stm32.7-2018-q2-update.win32_1.0.0.201904181610/tools/bin/../lib/gcc/arm-none-eabi/7.3.1/thumb/v7e-m/fpv4-sp/hard\libgcc.a
LOAD c:/st/stm32cubeide_1.0.1/stm32cubeide/plugins/com.st.stm32cube.ide.mcu.externaltools.gnu-tools-for-stm32.7-2018-q2-update.win32_1.0.0.201904181610/tools/bin/../lib/gcc/arm-none-eabi/7.3.1/../../../../arm-none-eabi/lib/thumb/v7e-m/fpv4-sp/hard\libc_nano.a
LOAD c:/st/stm32cubeide_1.0.1/stm32cubeide/plugins/com.st.stm32cube.ide.mcu.externaltools.gnu-tools-for-stm32.7-2018-q2-update.win32_1.0.0.201904181610/tools/bin/../lib/gcc/arm-none-eabi/7.3.1/../../../../arm-none-eabi/lib/thumb/v7e-m/fpv4-sp/hard\libnosys.a
END GROUP
LOAD c:/st/stm32cubeide_1.0.1/stm32cubeide/plugins/com.st.stm32cube.ide.mcu.externaltools.gnu-tools-for-stm32.7-2018-q2-update.win32_1.0.0.201904181610/tools/bin/../lib/gcc/arm-none-eabi/7.3.1/thumb/v7e-m/fpv4-sp/hard/crtend.o
LOAD c:/st/stm32cubeide_1.0.1/stm32cubeide/plugins/com.st.stm32cube.ide.mcu.externaltools.gnu-tools-for-stm32.7-2018-q2-update.win32_1.0.0.201904181610/tools/bin/../lib/gcc/arm-none-eabi/7.3.1/thumb/v7e-m/fpv4-sp/hard/crtn.o
                0x0000000020020000                _estack = 0x20020000
                0x0000000000001000                _Min_Heap_Size = 0x1000
                0x0000000000000800                _Min_Stack_Size = 0x800

.isr_vector     0x0000000008000000      0x188
                0x0000000008000000                . = ALIGN (0x4)
 *(.isr_vector)
 .isr_vector    0x0000000008000000      0x188 Startup/startup_stm32f407vetx.o
                0x0000000008000000                g_pfnVectors
                0x0000000008000188                . = ALIGN (0x4)

.text           0x0000000008000190     0x7ec8
                0x0000000008000190                . = ALIGN (0x4)
 *(.text)
 .text          0x0000000008000190       0x40 c:/st/stm32cubeide_1.0.1/stm32cubeide/plugins/com.st.stm32cube.ide.mcu.externaltools.gnu-tools-for-stm32.7-2018-q2-update.win32_1.0.0.201904181610/tools/bin/../lib/gcc/arm-none-eabi/7.3.1/thumb/v7e-m/fpv4-sp/hard/crtbegin.o
 .text          0x00000000080001d0       0xa0 c:/st/stm32cubeide_1.0.1/stm32cubeide/plugins/com.st.stm32cube.ide.mcu.externaltools.gnu-tools-for-stm32.7-2018-q2-update.win32_1.0.0.201904181610/tools/bin/../lib/gcc/arm-none-eabi/7.3.1/../../../../arm-none-eabi/lib/thumb/v7e-m/fpv4-sp/hard\libc_nano.a(lib_a-memchr.o)
                0x00000000080001d0                memchr
 .text          0x0000000008000270       0x30 c:/st/stm32cubeide_1.0.1/stm32cubeide/plugins/com.st.stm32cube.ide.mcu.externaltools.gnu-tools-for-stm32.7-2018-q2-update.win32_1.0.0.201904181610/tools/bin/../lib/gcc/arm-none-eabi/7.3.1/thumb/v7e-m/fpv4-sp/hard\libgcc.a(_aeabi_uldivmod.o)
                0x0000000008000270                __aeabi_uldivmod
 .text          0x00000000080002a0      0x2cc c:/st/stm32cubeide_1.0.1/stm32cubeide/plugins/com.st.stm32cube.ide.mcu.externaltools.gnu-tools-for-stm32.7-2018-q2-update.win32_1.0.0.201904181610/tools/bin/../lib/gcc/arm-none-eabi/7.3.1/thumb/v7e-m/fpv4-sp/hard\libgcc.a(_udivmoddi4.o)
                0x00000000080002a0                __udivmoddi4
 .text          0x000000000800056c        0x4 c:/st/stm32cubeide_1.0.1/stm32cubeide/plugins/com.st.stm32cube.ide.mcu.externaltools.gnu-tools-for-stm32.7-2018-q2-update.win32_1.0.0.201904181610/tools/bin/../lib/gcc/arm-none-eabi/7.3.1/thumb/v7e-m/fpv4-sp/hard\libgcc.a(_dvmd_tls.o)
                0x000000000800056c                __aeabi_idiv0
                0x000000000800056c                __aeabi_ldiv0
 *(.text*)
 .text.HAL_Init
                0x0000000008000570       0x44 Drivers/STM32F4xx_HAL_Driver/stm32f4xx_hal.o
                0x0000000008000570                HAL_Init
 .text.HAL_InitTick
                0x00000000080005b4       0x60 Drivers/STM32F4xx_HAL_Driver/stm32f4xx_hal.o
                0x00000000080005b4                HAL_InitTick
 .text.HAL_IncTick
                0x0000000008000614       0x28 Drivers/STM32F4xx_HAL_Driver/stm32f4xx_hal.o
                0x0000000008000614                HAL_IncTick
 .text.HAL_GetTick
                0x000000000800063c       0x18 Drivers/STM32F4xx_HAL_Driver/stm32f4xx_hal.o
                0x000000000800063c                HAL_GetTick
 .text.HAL_Delay
                0x0000000008000654       0x44 Drivers/STM32F4xx_HAL_Driver/stm32f4xx_hal.o
                0x0000000008000654                HAL_Delay
 .text.__NVIC_SetPriorityGrouping
                0x0000000008000698       0x48 Drivers/STM32F4xx_HAL_Driver/stm32f4xx_hal_cortex.o
 .text.__NVIC_GetPriorityGrouping
                0x00000000080006e0       0x1c Drivers/STM32F4xx_HAL_Driver/stm32f4xx_hal_cortex.o
 .text.__NVIC_EnableIRQ
                0x00000000080006fc       0x3c Drivers/STM32F4xx_HAL_Driver/stm32f4xx_hal_cortex.o
 .text.__NVIC_SetPriority
                0x0000000008000738       0x54 Drivers/STM32F4xx_HAL_Driver/stm32f4xx_hal_cortex.o
 .text.NVIC_EncodePriority
                0x000000000800078c       0x66 Drivers/STM32F4xx_HAL_Driver/stm32f4xx_hal_cortex.o
 *fill*         0x00000000080007f2        0x2 
 .text.SysTick_Config
                0x00000000080007f4       0x44 Drivers/STM32F4xx_HAL_Driver/stm32f4xx_hal_cortex.o
 .text.HAL_NVIC_SetPriorityGrouping
                0x0000000008000838       0x16 Drivers/STM32F4xx_HAL_Driver/stm32f4xx_hal_cortex.o
                0x0000000008000838                HAL_NVIC_SetPriorityGrouping
 .text.HAL_NVIC_SetPriority
                0x000000000800084e       0x38 Drivers/STM32F4xx_HAL_Driver/stm32f4xx_hal_cortex.o
                0x000000000800084e                HAL_NVIC_SetPriority
 .text.HAL_NVIC_EnableIRQ
                0x0000000008000886       0x1c Drivers/STM32F4xx_HAL_Driver/stm32f4xx_hal_cortex.o
                0x0000000008000886                HAL_NVIC_EnableIRQ
 .text.HAL_SYSTICK_Config
                0x00000000080008a2       0x18 Drivers/STM32F4xx_HAL_Driver/stm32f4xx_hal_cortex.o
                0x00000000080008a2                HAL_SYSTICK_Config
 .text.HAL_DMA_Abort_IT
                0x00000000080008ba       0x44 Drivers/STM32F4xx_HAL_Driver/stm32f4xx_hal_dma.o
                0x00000000080008ba                HAL_DMA_Abort_IT
 *fill*         0x00000000080008fe        0x2 
 .text.HAL_GPIO_Init
                0x0000000008000900      0x334 Drivers/STM32F4xx_HAL_Driver/stm32f4xx_hal_gpio.o
                0x0000000008000900                HAL_GPIO_Init
 .text.HAL_GPIO_WritePin
                0x0000000008000c34       0x32 Drivers/STM32F4xx_HAL_Driver/stm32f4xx_hal_gpio.o
                0x0000000008000c34                HAL_GPIO_WritePin
 *fill*         0x0000000008000c66        0x2 
 .text.HAL_RCC_OscConfig
                0x0000000008000c68      0x484 Drivers/STM32F4xx_HAL_Driver/stm32f4xx_hal_rcc.o
                0x0000000008000c68                HAL_RCC_OscConfig
 .text.HAL_RCC_ClockConfig
                0x00000000080010ec      0x1c4 Drivers/STM32F4xx_HAL_Driver/stm32f4xx_hal_rcc.o
                0x00000000080010ec                HAL_RCC_ClockConfig
 .text.HAL_RCC_GetSysClockFreq
                0x00000000080012b0      0x164 Drivers/STM32F4xx_HAL_Driver/stm32f4xx_hal_rcc.o
                0x00000000080012b0                HAL_RCC_GetSysClockFreq
 .text.HAL_RCC_GetHCLKFreq
                0x0000000008001414       0x18 Drivers/STM32F4xx_HAL_Driver/stm32f4xx_hal_rcc.o
                0x0000000008001414                HAL_RCC_GetHCLKFreq
 .text.HAL_RCC_GetPCLK1Freq
                0x000000000800142c       0x28 Drivers/STM32F4xx_HAL_Driver/stm32f4xx_hal_rcc.o
                0x000000000800142c                HAL_RCC_GetPCLK1Freq
 .text.HAL_RCC_GetPCLK2Freq
                0x0000000008001454       0x28 Drivers/STM32F4xx_HAL_Driver/stm32f4xx_hal_rcc.o
                0x0000000008001454                HAL_RCC_GetPCLK2Freq
 .text.HAL_SD_Init
                0x000000000800147c       0x56 Drivers/STM32F4xx_HAL_Driver/stm32f4xx_hal_sd.o
                0x000000000800147c                HAL_SD_Init
 *fill*         0x00000000080014d2        0x2 
 .text.HAL_SD_InitCard
                0x00000000080014d4       0xb8 Drivers/STM32F4xx_HAL_Driver/stm32f4xx_hal_sd.o
                0x00000000080014d4                HAL_SD_InitCard
 .text.HAL_SD_ReadBlocks
                0x000000000800158c      0x32e Drivers/STM32F4xx_HAL_Driver/stm32f4xx_hal_sd.o
                0x000000000800158c                HAL_SD_ReadBlocks
 .text.HAL_SD_WriteBlocks
                0x00000000080018ba      0x2d0 Drivers/STM32F4xx_HAL_Driver/stm32f4xx_hal_sd.o
                0x00000000080018ba                HAL_SD_WriteBlocks
 .text.HAL_SD_GetCardCSD
                0x0000000008001b8a      0x452 Drivers/STM32F4xx_HAL_Driver/stm32f4xx_hal_sd.o
                0x0000000008001b8a                HAL_SD_GetCardCSD
 .text.HAL_SD_GetCardInfo
                0x0000000008001fdc       0x58 Drivers/STM32F4xx_HAL_Driver/stm32f4xx_hal_sd.o
                0x0000000008001fdc                HAL_SD_GetCardInfo
 .text.HAL_SD_ConfigWideBusOperation
                0x0000000008002034       0xf8 Drivers/STM32F4xx_HAL_Driver/stm32f4xx_hal_sd.o
                0x0000000008002034                HAL_SD_ConfigWideBusOperation
 .text.HAL_SD_GetCardState
                0x000000000800212c       0x4a Drivers/STM32F4xx_HAL_Driver/stm32f4xx_hal_sd.o
                0x000000000800212c                HAL_SD_GetCardState
 .text.SD_InitCard
                0x0000000008002176      0x192 Drivers/STM32F4xx_HAL_Driver/stm32f4xx_hal_sd.o
 .text.SD_PowerON
                0x0000000008002308      0x150 Drivers/STM32F4xx_HAL_Driver/stm32f4xx_hal_sd.o
 .text.SD_SendStatus
                0x0000000008002458       0x54 Drivers/STM32F4xx_HAL_Driver/stm32f4xx_hal_sd.o
 .text.SD_WideBus_Enable
                0x00000000080024ac       0x9a Drivers/STM32F4xx_HAL_Driver/stm32f4xx_hal_sd.o
 .text.SD_WideBus_Disable
                0x0000000008002546       0x9a Drivers/STM32F4xx_HAL_Driver/stm32f4xx_hal_sd.o
 .text.SD_FindSCR
                0x00000000080025e0      0x192 Drivers/STM32F4xx_HAL_Driver/stm32f4xx_hal_sd.o
 .text.HAL_UART_Init
                0x0000000008002772       0x9a Drivers/STM32F4xx_HAL_Driver/stm32f4xx_hal_uart.o
                0x0000000008002772                HAL_UART_Init
 .text.HAL_UART_Receive
                0x000000000800280c      0x14c Drivers/STM32F4xx_HAL_Driver/stm32f4xx_hal_uart.o
                0x000000000800280c                HAL_UART_Receive
 .text.HAL_UART_IRQHandler
                0x0000000008002958      0x1f8 Drivers/STM32F4xx_HAL_Driver/stm32f4xx_hal_uart.o
                0x0000000008002958                HAL_UART_IRQHandler
 .text.HAL_UART_TxCpltCallback
                0x0000000008002b50       0x14 Drivers/STM32F4xx_HAL_Driver/stm32f4xx_hal_uart.o
                0x0000000008002b50                HAL_UART_TxCpltCallback
 .text.HAL_UART_RxCpltCallback
                0x0000000008002b64       0x14 Drivers/STM32F4xx_HAL_Driver/stm32f4xx_hal_uart.o
                0x0000000008002b64                HAL_UART_RxCpltCallback
 .text.HAL_UART_ErrorCallback
                0x0000000008002b78       0x14 Drivers/STM32F4xx_HAL_Driver/stm32f4xx_hal_uart.o
                0x0000000008002b78                HAL_UART_ErrorCallback
 .text.UART_WaitOnFlagUntilTimeout
                0x0000000008002b8c       0x94 Drivers/STM32F4xx_HAL_Driver/stm32f4xx_hal_uart.o
 .text.UART_EndRxTransfer
                0x0000000008002c20       0x3c Drivers/STM32F4xx_HAL_Driver/stm32f4xx_hal_uart.o
 .text.UART_DMAAbortOnError
                0x0000000008002c5c       0x28 Drivers/STM32F4xx_HAL_Driver/stm32f4xx_hal_uart.o
 .text.UART_Transmit_IT
                0x0000000008002c84       0xac Drivers/STM32F4xx_HAL_Driver/stm32f4xx_hal_uart.o
 .text.UART_EndTransmit_IT
                0x0000000008002d30       0x30 Drivers/STM32F4xx_HAL_Driver/stm32f4xx_hal_uart.o
 .text.UART_Receive_IT
                0x0000000008002d60      0x102 Drivers/STM32F4xx_HAL_Driver/stm32f4xx_hal_uart.o
 *fill*         0x0000000008002e62        0x2 
 .text.UART_SetConfig
                0x0000000008002e64      0x414 Drivers/STM32F4xx_HAL_Driver/stm32f4xx_hal_uart.o
 .text.SDIO_Init
                0x0000000008003278       0x56 Drivers/STM32F4xx_HAL_Driver/stm32f4xx_ll_sdmmc.o
                0x0000000008003278                SDIO_Init
 .text.SDIO_ReadFIFO
                0x00000000080032ce       0x1a Drivers/STM32F4xx_HAL_Driver/stm32f4xx_ll_sdmmc.o
                0x00000000080032ce                SDIO_ReadFIFO
 .text.SDIO_WriteFIFO
                0x00000000080032e8       0x22 Drivers/STM32F4xx_HAL_Driver/stm32f4xx_ll_sdmmc.o
                0x00000000080032e8                SDIO_WriteFIFO
 .text.SDIO_PowerState_ON
                0x000000000800330a       0x1c Drivers/STM32F4xx_HAL_Driver/stm32f4xx_ll_sdmmc.o
                0x000000000800330a                SDIO_PowerState_ON
 .text.SDIO_GetPowerState
                0x0000000008003326       0x1c Drivers/STM32F4xx_HAL_Driver/stm32f4xx_ll_sdmmc.o
                0x0000000008003326                SDIO_GetPowerState
 .text.SDIO_SendCommand
                0x0000000008003342       0x54 Drivers/STM32F4xx_HAL_Driver/stm32f4xx_ll_sdmmc.o
                0x0000000008003342                SDIO_SendCommand
 .text.SDIO_GetCommandResponse
                0x0000000008003396       0x1a Drivers/STM32F4xx_HAL_Driver/stm32f4xx_ll_sdmmc.o
                0x0000000008003396                SDIO_GetCommandResponse
 .text.SDIO_GetResponse
                0x00000000080033b0       0x2a Drivers/STM32F4xx_HAL_Driver/stm32f4xx_ll_sdmmc.o
                0x00000000080033b0                SDIO_GetResponse
 .text.SDIO_ConfigData
                0x00000000080033da       0x58 Drivers/STM32F4xx_HAL_Driver/stm32f4xx_ll_sdmmc.o
                0x00000000080033da                SDIO_ConfigData
 .text.SDMMC_CmdBlockLength
                0x0000000008003432       0x48 Drivers/STM32F4xx_HAL_Driver/stm32f4xx_ll_sdmmc.o
                0x0000000008003432                SDMMC_CmdBlockLength
 .text.SDMMC_CmdReadSingleBlock
                0x000000000800347a       0x48 Drivers/STM32F4xx_HAL_Driver/stm32f4xx_ll_sdmmc.o
                0x000000000800347a                SDMMC_CmdReadSingleBlock
 .text.SDMMC_CmdReadMultiBlock
                0x00000000080034c2       0x48 Drivers/STM32F4xx_HAL_Driver/stm32f4xx_ll_sdmmc.o
                0x00000000080034c2                SDMMC_CmdReadMultiBlock
 .text.SDMMC_CmdWriteSingleBlock
                0x000000000800350a       0x48 Drivers/STM32F4xx_HAL_Driver/stm32f4xx_ll_sdmmc.o
                0x000000000800350a                SDMMC_CmdWriteSingleBlock
 .text.SDMMC_CmdWriteMultiBlock
                0x0000000008003552       0x48 Drivers/STM32F4xx_HAL_Driver/stm32f4xx_ll_sdmmc.o
                0x0000000008003552                SDMMC_CmdWriteMultiBlock
 *fill*         0x000000000800359a        0x2 
 .text.SDMMC_CmdStopTransfer
                0x000000000800359c       0x48 Drivers/STM32F4xx_HAL_Driver/stm32f4xx_ll_sdmmc.o
                0x000000000800359c                SDMMC_CmdStopTransfer
 .text.SDMMC_CmdSelDesel
                0x00000000080035e4       0x4a Drivers/STM32F4xx_HAL_Driver/stm32f4xx_ll_sdmmc.o
                0x00000000080035e4                SDMMC_CmdSelDesel
 .text.SDMMC_CmdGoIdleState
                0x000000000800362e       0x40 Drivers/STM32F4xx_HAL_Driver/stm32f4xx_ll_sdmmc.o
                0x000000000800362e                SDMMC_CmdGoIdleState
 .text.SDMMC_CmdOperCond
                0x000000000800366e       0x42 Drivers/STM32F4xx_HAL_Driver/stm32f4xx_ll_sdmmc.o
                0x000000000800366e                SDMMC_CmdOperCond
 .text.SDMMC_CmdAppCommand
                0x00000000080036b0       0x48 Drivers/STM32F4xx_HAL_Driver/stm32f4xx_ll_sdmmc.o
                0x00000000080036b0                SDMMC_CmdAppCommand
 .text.SDMMC_CmdAppOperCommand
                0x00000000080036f8       0x4a Drivers/STM32F4xx_HAL_Driver/stm32f4xx_ll_sdmmc.o
                0x00000000080036f8                SDMMC_CmdAppOperCommand
 .text.SDMMC_CmdBusWidth
                0x0000000008003742       0x48 Drivers/STM32F4xx_HAL_Driver/stm32f4xx_ll_sdmmc.o
                0x0000000008003742                SDMMC_CmdBusWidth
 .text.SDMMC_CmdSendSCR
                0x000000000800378a       0x46 Drivers/STM32F4xx_HAL_Driver/stm32f4xx_ll_sdmmc.o
                0x000000000800378a                SDMMC_CmdSendSCR
 .text.SDMMC_CmdSendCID
                0x00000000080037d0       0x40 Drivers/STM32F4xx_HAL_Driver/stm32f4xx_ll_sdmmc.o
                0x00000000080037d0                SDMMC_CmdSendCID
 .text.SDMMC_CmdSendCSD
                0x0000000008003810       0x42 Drivers/STM32F4xx_HAL_Driver/stm32f4xx_ll_sdmmc.o
                0x0000000008003810                SDMMC_CmdSendCSD
 .text.SDMMC_CmdSetRelAdd
                0x0000000008003852       0x46 Drivers/STM32F4xx_HAL_Driver/stm32f4xx_ll_sdmmc.o
                0x0000000008003852                SDMMC_CmdSetRelAdd
 .text.SDMMC_CmdSendStatus
                0x0000000008003898       0x48 Drivers/STM32F4xx_HAL_Driver/stm32f4xx_ll_sdmmc.o
                0x0000000008003898                SDMMC_CmdSendStatus
 .text.SDMMC_GetCmdError
                0x00000000080038e0       0x54 Drivers/STM32F4xx_HAL_Driver/stm32f4xx_ll_sdmmc.o
 .text.SDMMC_GetCmdResp1
                0x0000000008003934      0x1cc Drivers/STM32F4xx_HAL_Driver/stm32f4xx_ll_sdmmc.o
 .text.SDMMC_GetCmdResp2
                0x0000000008003b00       0x80 Drivers/STM32F4xx_HAL_Driver/stm32f4xx_ll_sdmmc.o
 .text.SDMMC_GetCmdResp3
                0x0000000008003b80       0x68 Drivers/STM32F4xx_HAL_Driver/stm32f4xx_ll_sdmmc.o
 .text.SDMMC_GetCmdResp6
                0x0000000008003be8       0xdc Drivers/STM32F4xx_HAL_Driver/stm32f4xx_ll_sdmmc.o
 .text.SDMMC_GetCmdResp7
                0x0000000008003cc4       0x74 Drivers/STM32F4xx_HAL_Driver/stm32f4xx_ll_sdmmc.o
 .text.disk_status
                0x0000000008003d38       0x34 Middlewares/FatFs/diskio.o
                0x0000000008003d38                disk_status
 .text.disk_initialize
                0x0000000008003d6c       0x4c Middlewares/FatFs/diskio.o
                0x0000000008003d6c                disk_initialize
 .text.disk_read
                0x0000000008003db8       0x40 Middlewares/FatFs/diskio.o
                0x0000000008003db8                disk_read
 .text.disk_write
                0x0000000008003df8       0x40 Middlewares/FatFs/diskio.o
                0x0000000008003df8                disk_write
 .text.disk_ioctl
                0x0000000008003e38       0x3c Middlewares/FatFs/diskio.o
                0x0000000008003e38                disk_ioctl
 .text.ld_word  0x0000000008003e74       0x30 Middlewares/FatFs/ff.o
 .text.ld_dword
                0x0000000008003ea4       0x46 Middlewares/FatFs/ff.o
 .text.st_word  0x0000000008003eea       0x36 Middlewares/FatFs/ff.o
 .text.st_dword
                0x0000000008003f20       0x58 Middlewares/FatFs/ff.o
 .text.mem_cpy  0x0000000008003f78       0x42 Middlewares/FatFs/ff.o
 .text.mem_set  0x0000000008003fba       0x34 Middlewares/FatFs/ff.o
 .text.mem_cmp  0x0000000008003fee       0x4e Middlewares/FatFs/ff.o
 .text.chk_chr  0x000000000800403c       0x36 Middlewares/FatFs/ff.o
 *fill*         0x0000000008004072        0x2 
 .text.chk_lock
                0x0000000008004074       0xb8 Middlewares/FatFs/ff.o
 .text.enq_lock
                0x000000000800412c       0x44 Middlewares/FatFs/ff.o
 .text.inc_lock
                0x0000000008004170      0x11c Middlewares/FatFs/ff.o
 .text.dec_lock
                0x000000000800428c       0x78 Middlewares/FatFs/ff.o
 .text.clear_lock
                0x0000000008004304       0x48 Middlewares/FatFs/ff.o
 .text.sync_window
                0x000000000800434c       0x88 Middlewares/FatFs/ff.o
 .text.move_window
                0x00000000080043d4       0x5a Middlewares/FatFs/ff.o
 *fill*         0x000000000800442e        0x2 
 .text.sync_fs  0x0000000008004430       0xe0 Middlewares/FatFs/ff.o
 .text.clust2sect
                0x0000000008004510       0x3e Middlewares/FatFs/ff.o
 .text.get_fat  0x000000000800454e      0x1a0 Middlewares/FatFs/ff.o
 .text.put_fat  0x00000000080046ee      0x22e Middlewares/FatFs/ff.o
 .text.remove_chain
                0x000000000800491c       0xca Middlewares/FatFs/ff.o
 .text.create_chain
                0x00000000080049e6      0x130 Middlewares/FatFs/ff.o
 .text.clmt_clust
                0x0000000008004b16       0x70 Middlewares/FatFs/ff.o
 .text.dir_sdi  0x0000000008004b86      0x112 Middlewares/FatFs/ff.o
 .text.dir_next
                0x0000000008004c98      0x1ac Middlewares/FatFs/ff.o
 .text.dir_alloc
                0x0000000008004e44       0x8e Middlewares/FatFs/ff.o
 .text.ld_clust
                0x0000000008004ed2       0x3e Middlewares/FatFs/ff.o
 .text.st_clust
                0x0000000008004f10       0x40 Middlewares/FatFs/ff.o
 .text.dir_find
                0x0000000008004f50       0xaa Middlewares/FatFs/ff.o
 .text.dir_register
                0x0000000008004ffa       0x64 Middlewares/FatFs/ff.o
 *fill*         0x000000000800505e        0x2 
 .text.create_name
                0x0000000008005060      0x128 Middlewares/FatFs/ff.o
 .text.follow_path
                0x0000000008005188       0xec Middlewares/FatFs/ff.o
 .text.get_ldnumber
                0x0000000008005274       0x88 Middlewares/FatFs/ff.o
 .text.check_fs
                0x00000000080052fc       0xac Middlewares/FatFs/ff.o
 .text.find_volume
                0x00000000080053a8      0x508 Middlewares/FatFs/ff.o
 .text.validate
                0x00000000080058b0       0x6a Middlewares/FatFs/ff.o
 *fill*         0x000000000800591a        0x2 
 .text.f_mount  0x000000000800591c       0x8c Middlewares/FatFs/ff.o
                0x000000000800591c                f_mount
 .text.f_open   0x00000000080059a8      0x398 Middlewares/FatFs/ff.o
                0x00000000080059a8                f_open
 .text.f_read   0x0000000008005d40      0x2be Middlewares/FatFs/ff.o
                0x0000000008005d40                f_read
 .text.f_sync   0x0000000008005ffe       0xfc Middlewares/FatFs/ff.o
                0x0000000008005ffe                f_sync
 .text.f_close  0x00000000080060fa       0x54 Middlewares/FatFs/ff.o
                0x00000000080060fa                f_close
 .text.f_lseek  0x000000000800614e      0x448 Middlewares/FatFs/ff.o
                0x000000000800614e                f_lseek
 *fill*         0x0000000008006596        0x2 
 .text.FATFS_LinkDriverEx
                0x0000000008006598       0x98 Middlewares/FatFs/ff_gen_drv.o
                0x0000000008006598                FATFS_LinkDriverEx
 .text.FATFS_LinkDriver
                0x0000000008006630       0x1e Middlewares/FatFs/ff_gen_drv.o
                0x0000000008006630                FATFS_LinkDriver
 *fill*         0x000000000800664e        0x2 
 .text.BSP_SD_Init
                0x0000000008006650       0x4c Src/bsp_driver_sd.o
                0x0000000008006650                BSP_SD_Init
 .text.BSP_SD_ReadBlocks
                0x000000000800669c       0x3c Src/bsp_driver_sd.o
                0x000000000800669c                BSP_SD_ReadBlocks
 .text.BSP_SD_WriteBlocks
                0x00000000080066d8       0x3c Src/bsp_driver_sd.o
                0x00000000080066d8                BSP_SD_WriteBlocks
 .text.BSP_SD_GetCardState
                0x0000000008006714       0x20 Src/bsp_driver_sd.o
                0x0000000008006714                BSP_SD_GetCardState
 .text.BSP_SD_GetCardInfo
                0x0000000008006734       0x1c Src/bsp_driver_sd.o
                0x0000000008006734                BSP_SD_GetCardInfo
 .text.BSP_SD_IsDetected
                0x0000000008006750       0x1a Src/bsp_driver_sd.o
                0x0000000008006750                BSP_SD_IsDetected
 *fill*         0x000000000800676a        0x2 
 .text.MX_FATFS_Init
                0x000000000800676c       0x24 Src/fatfs.o
                0x000000000800676c                MX_FATFS_Init
 .text.get_fattime
                0x0000000008006790       0x10 Src/fatfs.o
                0x0000000008006790                get_fattime
 .text.SRAM_Precharge
                0x00000000080067a0       0x58 Src/main.o
 .text.SRAM_AutoRefresh
                0x00000000080067f8       0x48 Src/main.o
 .text.SRAM_RowBankActive
                0x0000000008006840       0x74 Src/main.o
 .text.SRAM_BurstStop
                0x00000000080068b4       0x48 Src/main.o
 .text.LCD_Hsync
                0x00000000080068fc      0x108 Src/main.o
 .text.LCD_Show
                0x0000000008006a04       0x7c Src/main.o
 .text.Slide_Show
                0x0000000008006a80      0x144 Src/main.o
 .text.LCD_Display
                0x0000000008006bc4       0x24 Src/main.o
 .text.SystemClock_Config
                0x0000000008006be8       0x94 Src/main.o
                0x0000000008006be8                SystemClock_Config
 .text.main     0x0000000008006c7c      0x590 Src/main.o
                0x0000000008006c7c                main
 .text.SD_CheckStatus
                0x000000000800720c       0x3c Src/sd_diskio.o
 .text.SD_initialize
                0x0000000008007248       0x3c Src/sd_diskio.o
                0x0000000008007248                SD_initialize
 .text.SD_status
                0x0000000008007284       0x1c Src/sd_diskio.o
                0x0000000008007284                SD_status
 .text.SD_read  0x00000000080072a0       0x42 Src/sd_diskio.o
                0x00000000080072a0                SD_read
 .text.SD_write
                0x00000000080072e2       0x42 Src/sd_diskio.o
                0x00000000080072e2                SD_write
 .text.SD_ioctl
                0x0000000008007324       0xb0 Src/sd_diskio.o
                0x0000000008007324                SD_ioctl
 .text.HAL_MspInit
                0x00000000080073d4       0x50 Src/stm32f4xx_hal_msp.o
                0x00000000080073d4                HAL_MspInit
 .text.HAL_SD_MspInit
                0x0000000008007424       0xd0 Src/stm32f4xx_hal_msp.o
                0x0000000008007424                HAL_SD_MspInit
 .text.HAL_UART_MspInit
                0x00000000080074f4      0x10c Src/stm32f4xx_hal_msp.o
                0x00000000080074f4                HAL_UART_MspInit
 .text.NMI_Handler
                0x0000000008007600        0xe Src/stm32f4xx_it.o
                0x0000000008007600                NMI_Handler
 .text.HardFault_Handler
                0x000000000800760e        0x6 Src/stm32f4xx_it.o
                0x000000000800760e                HardFault_Handler
 .text.MemManage_Handler
                0x0000000008007614        0x6 Src/stm32f4xx_it.o
                0x0000000008007614                MemManage_Handler
 .text.BusFault_Handler
                0x000000000800761a        0x6 Src/stm32f4xx_it.o
                0x000000000800761a                BusFault_Handler
 .text.UsageFault_Handler
                0x0000000008007620        0x6 Src/stm32f4xx_it.o
                0x0000000008007620                UsageFault_Handler
 .text.SVC_Handler
                0x0000000008007626        0xe Src/stm32f4xx_it.o
                0x0000000008007626                SVC_Handler
 .text.DebugMon_Handler
                0x0000000008007634        0xe Src/stm32f4xx_it.o
                0x0000000008007634                DebugMon_Handler
 .text.PendSV_Handler
                0x0000000008007642        0xe Src/stm32f4xx_it.o
                0x0000000008007642                PendSV_Handler
 .text.SysTick_Handler
                0x0000000008007650        0xc Src/stm32f4xx_it.o
                0x0000000008007650                SysTick_Handler
 .text.USART2_IRQHandler
                0x000000000800765c       0x5c Src/stm32f4xx_it.o
                0x000000000800765c                USART2_IRQHandler
 .text._sbrk    0x00000000080076b8       0x58 Src/sysmem.o
                0x00000000080076b8                _sbrk
 .text.SystemInit
                0x0000000008007710       0x6c Src/system_stm32f4xx.o
                0x0000000008007710                SystemInit
 .text.Reset_Handler
                0x000000000800777c       0x50 Startup/startup_stm32f407vetx.o
                0x000000000800777c                Reset_Handler
 .text.Default_Handler
                0x00000000080077cc        0x2 Startup/startup_stm32f407vetx.o
                0x00000000080077cc                RTC_Alarm_IRQHandler
                0x00000000080077cc                HASH_RNG_IRQHandler
                0x00000000080077cc                EXTI2_IRQHandler
                0x00000000080077cc                TIM8_CC_IRQHandler
                0x00000000080077cc                TIM1_CC_IRQHandler
                0x00000000080077cc                DMA2_Stream5_IRQHandler
                0x00000000080077cc                DMA1_Stream5_IRQHandler
                0x00000000080077cc                PVD_IRQHandler
                0x00000000080077cc                SDIO_IRQHandler
                0x00000000080077cc                TAMP_STAMP_IRQHandler
                0x00000000080077cc                CAN2_RX1_IRQHandler
                0x00000000080077cc                EXTI3_IRQHandler
                0x00000000080077cc                TIM8_TRG_COM_TIM14_IRQHandler
                0x00000000080077cc                TIM1_UP_TIM10_IRQHandler
                0x00000000080077cc                TIM8_UP_TIM13_IRQHandler
                0x00000000080077cc                I2C3_ER_IRQHandler
                0x00000000080077cc                EXTI0_IRQHandler
                0x00000000080077cc                I2C2_EV_IRQHandler
                0x00000000080077cc                DMA1_Stream2_IRQHandler
                0x00000000080077cc                CAN1_RX0_IRQHandler
                0x00000000080077cc                FPU_IRQHandler
                0x00000000080077cc                OTG_HS_WKUP_IRQHandler
                0x00000000080077cc                CAN2_SCE_IRQHandler
                0x00000000080077cc                DMA2_Stream2_IRQHandler
                0x00000000080077cc                SPI1_IRQHandler
                0x00000000080077cc                TIM6_DAC_IRQHandler
                0x00000000080077cc                TIM1_BRK_TIM9_IRQHandler
                0x00000000080077cc                DCMI_IRQHandler
                0x00000000080077cc                CAN2_RX0_IRQHandler
                0x00000000080077cc                DMA2_Stream3_IRQHandler
                0x00000000080077cc                USART6_IRQHandler
                0x00000000080077cc                USART3_IRQHandler
                0x00000000080077cc                CAN1_RX1_IRQHandler
                0x00000000080077cc                UART5_IRQHandler
                0x00000000080077cc                DMA2_Stream0_IRQHandler
                0x00000000080077cc                TIM4_IRQHandler
                0x00000000080077cc                I2C1_EV_IRQHandler
                0x00000000080077cc                DMA1_Stream6_IRQHandler
                0x00000000080077cc                DMA1_Stream1_IRQHandler
                0x00000000080077cc                UART4_IRQHandler
                0x00000000080077cc                TIM3_IRQHandler
                0x00000000080077cc                RCC_IRQHandler
                0x00000000080077cc                TIM8_BRK_TIM12_IRQHandler
                0x00000000080077cc                Default_Handler
                0x00000000080077cc                EXTI15_10_IRQHandler
                0x00000000080077cc                ADC_IRQHandler
                0x00000000080077cc                DMA1_Stream7_IRQHandler
                0x00000000080077cc                TIM7_IRQHandler
                0x00000000080077cc                CAN2_TX_IRQHandler
                0x00000000080077cc                TIM5_IRQHandler
                0x00000000080077cc                DMA2_Stream7_IRQHandler
                0x00000000080077cc                I2C3_EV_IRQHandler
                0x00000000080077cc                EXTI9_5_IRQHandler
                0x00000000080077cc                RTC_WKUP_IRQHandler
                0x00000000080077cc                ETH_WKUP_IRQHandler
                0x00000000080077cc                SPI2_IRQHandler
                0x00000000080077cc                OTG_HS_EP1_IN_IRQHandler
                0x00000000080077cc                DMA1_Stream0_IRQHandler
                0x00000000080077cc                CAN1_TX_IRQHandler
                0x00000000080077cc                EXTI4_IRQHandler
                0x00000000080077cc                FSMC_IRQHandler
                0x00000000080077cc                ETH_IRQHandler
                0x00000000080077cc                OTG_HS_EP1_OUT_IRQHandler
                0x00000000080077cc                WWDG_IRQHandler
                0x00000000080077cc                TIM2_IRQHandler
                0x00000000080077cc                OTG_FS_WKUP_IRQHandler
                0x00000000080077cc                TIM1_TRG_COM_TIM11_IRQHandler
                0x00000000080077cc                OTG_HS_IRQHandler
                0x00000000080077cc                EXTI1_IRQHandler
                0x00000000080077cc                I2C2_ER_IRQHandler
                0x00000000080077cc                DMA2_Stream1_IRQHandler
                0x00000000080077cc                CAN1_SCE_IRQHandler
                0x00000000080077cc                FLASH_IRQHandler
                0x00000000080077cc                DMA2_Stream4_IRQHandler
                0x00000000080077cc                USART1_IRQHandler
                0x00000000080077cc                OTG_FS_IRQHandler
                0x00000000080077cc                SPI3_IRQHandler
                0x00000000080077cc                DMA1_Stream4_IRQHandler
                0x00000000080077cc                I2C1_ER_IRQHandler
                0x00000000080077cc                DMA2_Stream6_IRQHandler
                0x00000000080077cc                DMA1_Stream3_IRQHandler
 *fill*         0x00000000080077ce        0x2 
 .text.__errno  0x00000000080077d0        0xc c:/st/stm32cubeide_1.0.1/stm32cubeide/plugins/com.st.stm32cube.ide.mcu.externaltools.gnu-tools-for-stm32.7-2018-q2-update.win32_1.0.0.201904181610/tools/bin/../lib/gcc/arm-none-eabi/7.3.1/../../../../arm-none-eabi/lib/thumb/v7e-m/fpv4-sp/hard\libc_nano.a(lib_a-errno.o)
                0x00000000080077d0                __errno
 .text.__libc_init_array
                0x00000000080077dc       0x48 c:/st/stm32cubeide_1.0.1/stm32cubeide/plugins/com.st.stm32cube.ide.mcu.externaltools.gnu-tools-for-stm32.7-2018-q2-update.win32_1.0.0.201904181610/tools/bin/../lib/gcc/arm-none-eabi/7.3.1/../../../../arm-none-eabi/lib/thumb/v7e-m/fpv4-sp/hard\libc_nano.a(lib_a-init.o)
                0x00000000080077dc                __libc_init_array
 .text.memset   0x0000000008007824       0x10 c:/st/stm32cubeide_1.0.1/stm32cubeide/plugins/com.st.stm32cube.ide.mcu.externaltools.gnu-tools-for-stm32.7-2018-q2-update.win32_1.0.0.201904181610/tools/bin/../lib/gcc/arm-none-eabi/7.3.1/../../../../arm-none-eabi/lib/thumb/v7e-m/fpv4-sp/hard\libc_nano.a(lib_a-memset.o)
                0x0000000008007824                memset
 .text.sprintf  0x0000000008007834       0x40 c:/st/stm32cubeide_1.0.1/stm32cubeide/plugins/com.st.stm32cube.ide.mcu.externaltools.gnu-tools-for-stm32.7-2018-q2-update.win32_1.0.0.201904181610/tools/bin/../lib/gcc/arm-none-eabi/7.3.1/../../../../arm-none-eabi/lib/thumb/v7e-m/fpv4-sp/hard\libc_nano.a(lib_a-sprintf.o)
                0x0000000008007834                siprintf
                0x0000000008007834                sprintf
 .text.__ssputs_r
                0x0000000008007874       0xb4 c:/st/stm32cubeide_1.0.1/stm32cubeide/plugins/com.st.stm32cube.ide.mcu.externaltools.gnu-tools-for-stm32.7-2018-q2-update.win32_1.0.0.201904181610/tools/bin/../lib/gcc/arm-none-eabi/7.3.1/../../../../arm-none-eabi/lib/thumb/v7e-m/fpv4-sp/hard\libc_nano.a(lib_a-nano-svfprintf.o)
                0x0000000008007874                __ssputs_r
 .text._svfprintf_r
                0x0000000008007928      0x1f0 c:/st/stm32cubeide_1.0.1/stm32cubeide/plugins/com.st.stm32cube.ide.mcu.externaltools.gnu-tools-for-stm32.7-2018-q2-update.win32_1.0.0.201904181610/tools/bin/../lib/gcc/arm-none-eabi/7.3.1/../../../../arm-none-eabi/lib/thumb/v7e-m/fpv4-sp/hard\libc_nano.a(lib_a-nano-svfprintf.o)
                0x0000000008007928                _svfiprintf_r
                0x0000000008007928                _svfprintf_r
 .text._printf_common
                0x0000000008007b18       0xea c:/st/stm32cubeide_1.0.1/stm32cubeide/plugins/com.st.stm32cube.ide.mcu.externaltools.gnu-tools-for-stm32.7-2018-q2-update.win32_1.0.0.201904181610/tools/bin/../lib/gcc/arm-none-eabi/7.3.1/../../../../arm-none-eabi/lib/thumb/v7e-m/fpv4-sp/hard\libc_nano.a(lib_a-nano-vfprintf_i.o)
                0x0000000008007b18                _printf_common
 *fill*         0x0000000008007c02        0x2 
 .text._printf_i
                0x0000000008007c04      0x224 c:/st/stm32cubeide_1.0.1/stm32cubeide/plugins/com.st.stm32cube.ide.mcu.externaltools.gnu-tools-for-stm32.7-2018-q2-update.win32_1.0.0.201904181610/tools/bin/../lib/gcc/arm-none-eabi/7.3.1/../../../../arm-none-eabi/lib/thumb/v7e-m/fpv4-sp/hard\libc_nano.a(lib_a-nano-vfprintf_i.o)
                0x0000000008007c04                _printf_i
 .text.memcpy   0x0000000008007e28       0x16 c:/st/stm32cubeide_1.0.1/stm32cubeide/plugins/com.st.stm32cube.ide.mcu.externaltools.gnu-tools-for-stm32.7-2018-q2-update.win32_1.0.0.201904181610/tools/bin/../lib/gcc/arm-none-eabi/7.3.1/../../../../arm-none-eabi/lib/thumb/v7e-m/fpv4-sp/hard\libc_nano.a(lib_a-memcpy-stub.o)
                0x0000000008007e28                memcpy
 .text.memmove  0x0000000008007e3e       0x32 c:/st/stm32cubeide_1.0.1/stm32cubeide/plugins/com.st.stm32cube.ide.mcu.externaltools.gnu-tools-for-stm32.7-2018-q2-update.win32_1.0.0.201904181610/tools/bin/../lib/gcc/arm-none-eabi/7.3.1/../../../../arm-none-eabi/lib/thumb/v7e-m/fpv4-sp/hard\libc_nano.a(lib_a-memmove.o)
                0x0000000008007e3e                memmove
 .text._free_r  0x0000000008007e70       0x9c c:/st/stm32cubeide_1.0.1/stm32cubeide/plugins/com.st.stm32cube.ide.mcu.externaltools.gnu-tools-for-stm32.7-2018-q2-update.win32_1.0.0.201904181610/tools/bin/../lib/gcc/arm-none-eabi/7.3.1/../../../../arm-none-eabi/lib/thumb/v7e-m/fpv4-sp/hard\libc_nano.a(lib_a-nano-freer.o)
                0x0000000008007e70                _free_r
 .text._malloc_r
                0x0000000008007f0c       0xb4 c:/st/stm32cubeide_1.0.1/stm32cubeide/plugins/com.st.stm32cube.ide.mcu.externaltools.gnu-tools-for-stm32.7-2018-q2-update.win32_1.0.0.201904181610/tools/bin/../lib/gcc/arm-none-eabi/7.3.1/../../../../arm-none-eabi/lib/thumb/v7e-m/fpv4-sp/hard\libc_nano.a(lib_a-nano-mallocr.o)
                0x0000000008007f0c                _malloc_r
 .text._realloc_r
                0x0000000008007fc0       0x4c c:/st/stm32cubeide_1.0.1/stm32cubeide/plugins/com.st.stm32cube.ide.mcu.externaltools.gnu-tools-for-stm32.7-2018-q2-update.win32_1.0.0.201904181610/tools/bin/../lib/gcc/arm-none-eabi/7.3.1/../../../../arm-none-eabi/lib/thumb/v7e-m/fpv4-sp/hard\libc_nano.a(lib_a-nano-reallocr.o)
                0x0000000008007fc0                _realloc_r
 .text._sbrk_r  0x000000000800800c       0x20 c:/st/stm32cubeide_1.0.1/stm32cubeide/plugins/com.st.stm32cube.ide.mcu.externaltools.gnu-tools-for-stm32.7-2018-q2-update.win32_1.0.0.201904181610/tools/bin/../lib/gcc/arm-none-eabi/7.3.1/../../../../arm-none-eabi/lib/thumb/v7e-m/fpv4-sp/hard\libc_nano.a(lib_a-sbrkr.o)
                0x000000000800800c                _sbrk_r
 .text.__malloc_lock
                0x000000000800802c        0x2 c:/st/stm32cubeide_1.0.1/stm32cubeide/plugins/com.st.stm32cube.ide.mcu.externaltools.gnu-tools-for-stm32.7-2018-q2-update.win32_1.0.0.201904181610/tools/bin/../lib/gcc/arm-none-eabi/7.3.1/../../../../arm-none-eabi/lib/thumb/v7e-m/fpv4-sp/hard\libc_nano.a(lib_a-mlock.o)
                0x000000000800802c                __malloc_lock
 .text.__malloc_unlock
                0x000000000800802e        0x2 c:/st/stm32cubeide_1.0.1/stm32cubeide/plugins/com.st.stm32cube.ide.mcu.externaltools.gnu-tools-for-stm32.7-2018-q2-update.win32_1.0.0.201904181610/tools/bin/../lib/gcc/arm-none-eabi/7.3.1/../../../../arm-none-eabi/lib/thumb/v7e-m/fpv4-sp/hard\libc_nano.a(lib_a-mlock.o)
                0x000000000800802e                __malloc_unlock
 .text._malloc_usable_size_r
                0x0000000008008030       0x10 c:/st/stm32cubeide_1.0.1/stm32cubeide/plugins/com.st.stm32cube.ide.mcu.externaltools.gnu-tools-for-stm32.7-2018-q2-update.win32_1.0.0.201904181610/tools/bin/../lib/gcc/arm-none-eabi/7.3.1/../../../../arm-none-eabi/lib/thumb/v7e-m/fpv4-sp/hard\libc_nano.a(lib_a-nano-msizer.o)
                0x0000000008008030                _malloc_usable_size_r
 *(.glue_7)
 .glue_7        0x0000000008008040        0x0 linker stubs
 *(.glue_7t)
 .glue_7t       0x0000000008008040        0x0 linker stubs
 *(.eh_frame)
 .eh_frame      0x0000000008008040        0x0 c:/st/stm32cubeide_1.0.1/stm32cubeide/plugins/com.st.stm32cube.ide.mcu.externaltools.gnu-tools-for-stm32.7-2018-q2-update.win32_1.0.0.201904181610/tools/bin/../lib/gcc/arm-none-eabi/7.3.1/thumb/v7e-m/fpv4-sp/hard/crtbegin.o
 *(.init)
 .init          0x0000000008008040        0x4 c:/st/stm32cubeide_1.0.1/stm32cubeide/plugins/com.st.stm32cube.ide.mcu.externaltools.gnu-tools-for-stm32.7-2018-q2-update.win32_1.0.0.201904181610/tools/bin/../lib/gcc/arm-none-eabi/7.3.1/thumb/v7e-m/fpv4-sp/hard/crti.o
                0x0000000008008040                _init
 .init          0x0000000008008044        0x8 c:/st/stm32cubeide_1.0.1/stm32cubeide/plugins/com.st.stm32cube.ide.mcu.externaltools.gnu-tools-for-stm32.7-2018-q2-update.win32_1.0.0.201904181610/tools/bin/../lib/gcc/arm-none-eabi/7.3.1/thumb/v7e-m/fpv4-sp/hard/crtn.o
 *(.fini)
 .fini          0x000000000800804c        0x4 c:/st/stm32cubeide_1.0.1/stm32cubeide/plugins/com.st.stm32cube.ide.mcu.externaltools.gnu-tools-for-stm32.7-2018-q2-update.win32_1.0.0.201904181610/tools/bin/../lib/gcc/arm-none-eabi/7.3.1/thumb/v7e-m/fpv4-sp/hard/crti.o
                0x000000000800804c                _fini
 .fini          0x0000000008008050        0x8 c:/st/stm32cubeide_1.0.1/stm32cubeide/plugins/com.st.stm32cube.ide.mcu.externaltools.gnu-tools-for-stm32.7-2018-q2-update.win32_1.0.0.201904181610/tools/bin/../lib/gcc/arm-none-eabi/7.3.1/thumb/v7e-m/fpv4-sp/hard/crtn.o
                0x0000000008008058                . = ALIGN (0x4)
                0x0000000008008058                _etext = .

.vfp11_veneer   0x0000000008008058        0x0
 .vfp11_veneer  0x0000000008008058        0x0 linker stubs

.v4_bx          0x0000000008008058        0x0
 .v4_bx         0x0000000008008058        0x0 linker stubs

.iplt           0x0000000008008058        0x0
 .iplt          0x0000000008008058        0x0 c:/st/stm32cubeide_1.0.1/stm32cubeide/plugins/com.st.stm32cube.ide.mcu.externaltools.gnu-tools-for-stm32.7-2018-q2-update.win32_1.0.0.201904181610/tools/bin/../lib/gcc/arm-none-eabi/7.3.1/thumb/v7e-m/fpv4-sp/hard/crtbegin.o

.rodata         0x0000000008008058      0x12c
                0x0000000008008058                . = ALIGN (0x4)
 *(.rodata)
 .rodata        0x0000000008008058       0x44 Middlewares/FatFs/ff.o
 *(.rodata*)
 .rodata.ExCvt  0x000000000800809c       0x80 Middlewares/FatFs/ff.o
 .rodata.main.str1.4
                0x000000000800811c        0x8 Src/main.o
 .rodata.SD_Driver
                0x0000000008008124       0x14 Src/sd_diskio.o
                0x0000000008008124                SD_Driver
 .rodata.AHBPrescTable
                0x0000000008008138       0x10 Src/system_stm32f4xx.o
                0x0000000008008138                AHBPrescTable
 .rodata.APBPrescTable
                0x0000000008008148        0x8 Src/system_stm32f4xx.o
                0x0000000008008148                APBPrescTable
 .rodata._svfprintf_r.str1.1
                0x0000000008008150       0x11 c:/st/stm32cubeide_1.0.1/stm32cubeide/plugins/com.st.stm32cube.ide.mcu.externaltools.gnu-tools-for-stm32.7-2018-q2-update.win32_1.0.0.201904181610/tools/bin/../lib/gcc/arm-none-eabi/7.3.1/../../../../arm-none-eabi/lib/thumb/v7e-m/fpv4-sp/hard\libc_nano.a(lib_a-nano-svfprintf.o)
 .rodata._printf_i.str1.1
                0x0000000008008161       0x22 c:/st/stm32cubeide_1.0.1/stm32cubeide/plugins/com.st.stm32cube.ide.mcu.externaltools.gnu-tools-for-stm32.7-2018-q2-update.win32_1.0.0.201904181610/tools/bin/../lib/gcc/arm-none-eabi/7.3.1/../../../../arm-none-eabi/lib/thumb/v7e-m/fpv4-sp/hard\libc_nano.a(lib_a-nano-vfprintf_i.o)
                0x0000000008008184                . = ALIGN (0x4)
 *fill*         0x0000000008008183        0x1 

.ARM.extab      0x0000000008008184        0x0
                0x0000000008008184                . = ALIGN (0x4)
 *(.ARM.extab* .gnu.linkonce.armextab.*)
                0x0000000008008184                . = ALIGN (0x4)

.ARM            0x0000000008008184        0x8
                0x0000000008008184                . = ALIGN (0x4)
                0x0000000008008184                __exidx_start = .
 *(.ARM.exidx*)
 .ARM.exidx     0x0000000008008184        0x8 c:/st/stm32cubeide_1.0.1/stm32cubeide/plugins/com.st.stm32cube.ide.mcu.externaltools.gnu-tools-for-stm32.7-2018-q2-update.win32_1.0.0.201904181610/tools/bin/../lib/gcc/arm-none-eabi/7.3.1/thumb/v7e-m/fpv4-sp/hard\libgcc.a(_udivmoddi4.o)
                0x000000000800818c                __exidx_end = .
                0x000000000800818c                . = ALIGN (0x4)

.rel.dyn        0x000000000800818c        0x0
 .rel.iplt      0x000000000800818c        0x0 c:/st/stm32cubeide_1.0.1/stm32cubeide/plugins/com.st.stm32cube.ide.mcu.externaltools.gnu-tools-for-stm32.7-2018-q2-update.win32_1.0.0.201904181610/tools/bin/../lib/gcc/arm-none-eabi/7.3.1/thumb/v7e-m/fpv4-sp/hard/crtbegin.o

.preinit_array  0x000000000800818c        0x0
                0x000000000800818c                . = ALIGN (0x4)
                0x000000000800818c                PROVIDE (__preinit_array_start = .)
 *(.preinit_array*)
                0x000000000800818c                PROVIDE (__preinit_array_end = .)
                0x000000000800818c                . = ALIGN (0x4)

.init_array     0x000000000800818c        0x4
                0x000000000800818c                . = ALIGN (0x4)
                0x000000000800818c                PROVIDE (__init_array_start = .)
 *(SORT_BY_NAME(.init_array.*))
 *(.init_array*)
 .init_array    0x000000000800818c        0x4 c:/st/stm32cubeide_1.0.1/stm32cubeide/plugins/com.st.stm32cube.ide.mcu.externaltools.gnu-tools-for-stm32.7-2018-q2-update.win32_1.0.0.201904181610/tools/bin/../lib/gcc/arm-none-eabi/7.3.1/thumb/v7e-m/fpv4-sp/hard/crtbegin.o
                0x0000000008008190                PROVIDE (__init_array_end = .)
                0x0000000008008190                . = ALIGN (0x4)

.fini_array     0x0000000008008190        0x4
                0x0000000008008190                . = ALIGN (0x4)
                [!provide]                        PROVIDE (__fini_array_start = .)
 *(SORT_BY_NAME(.fini_array.*))
 *(.fini_array*)
 .fini_array    0x0000000008008190        0x4 c:/st/stm32cubeide_1.0.1/stm32cubeide/plugins/com.st.stm32cube.ide.mcu.externaltools.gnu-tools-for-stm32.7-2018-q2-update.win32_1.0.0.201904181610/tools/bin/../lib/gcc/arm-none-eabi/7.3.1/thumb/v7e-m/fpv4-sp/hard/crtbegin.o
                [!provide]                        PROVIDE (__fini_array_end = .)
                0x0000000008008194                . = ALIGN (0x4)
                0x0000000008008194                _sidata = LOADADDR (.data)

.data           0x0000000020000000       0x70 load address 0x0000000008008194
                0x0000000020000000                . = ALIGN (0x4)
                0x0000000020000000                _sdata = .
 *(.data)
 *(.data*)
 .data.uwTickPrio
                0x0000000020000000        0x4 Drivers/STM32F4xx_HAL_Driver/stm32f4xx_hal.o
                0x0000000020000000                uwTickPrio
 .data.uwTickFreq
                0x0000000020000004        0x1 Drivers/STM32F4xx_HAL_Driver/stm32f4xx_hal.o
                0x0000000020000004                uwTickFreq
 .data.Stat     0x0000000020000005        0x1 Src/sd_diskio.o
 *fill*         0x0000000020000006        0x2 
 .data.SystemCoreClock
                0x0000000020000008        0x4 Src/system_stm32f4xx.o
                0x0000000020000008                SystemCoreClock
 .data._impure_ptr
                0x000000002000000c        0x4 c:/st/stm32cubeide_1.0.1/stm32cubeide/plugins/com.st.stm32cube.ide.mcu.externaltools.gnu-tools-for-stm32.7-2018-q2-update.win32_1.0.0.201904181610/tools/bin/../lib/gcc/arm-none-eabi/7.3.1/../../../../arm-none-eabi/lib/thumb/v7e-m/fpv4-sp/hard\libc_nano.a(lib_a-impure.o)
                0x000000002000000c                _impure_ptr
 .data.impure_data
                0x0000000020000010       0x60 c:/st/stm32cubeide_1.0.1/stm32cubeide/plugins/com.st.stm32cube.ide.mcu.externaltools.gnu-tools-for-stm32.7-2018-q2-update.win32_1.0.0.201904181610/tools/bin/../lib/gcc/arm-none-eabi/7.3.1/../../../../arm-none-eabi/lib/thumb/v7e-m/fpv4-sp/hard\libc_nano.a(lib_a-impure.o)
                0x0000000020000070                . = ALIGN (0x4)
                0x0000000020000070                _edata = .

.igot.plt       0x0000000020000070        0x0 load address 0x0000000008008204
 .igot.plt      0x0000000020000070        0x0 c:/st/stm32cubeide_1.0.1/stm32cubeide/plugins/com.st.stm32cube.ide.mcu.externaltools.gnu-tools-for-stm32.7-2018-q2-update.win32_1.0.0.201904181610/tools/bin/../lib/gcc/arm-none-eabi/7.3.1/thumb/v7e-m/fpv4-sp/hard/crtbegin.o
                0x0000000020000070                . = ALIGN (0x4)

.bss            0x0000000020000070     0x21e4 load address 0x0000000008008204
                0x0000000020000070                _sbss = .
                0x0000000020000070                __bss_start__ = _sbss
 *(.bss)
 .bss           0x0000000020000070       0x1c c:/st/stm32cubeide_1.0.1/stm32cubeide/plugins/com.st.stm32cube.ide.mcu.externaltools.gnu-tools-for-stm32.7-2018-q2-update.win32_1.0.0.201904181610/tools/bin/../lib/gcc/arm-none-eabi/7.3.1/thumb/v7e-m/fpv4-sp/hard/crtbegin.o
 *(.bss*)
 .bss.FatFs     0x000000002000008c        0x4 Middlewares/FatFs/ff.o
 .bss.Fsid      0x0000000020000090        0x2 Middlewares/FatFs/ff.o
 *fill*         0x0000000020000092        0x2 
 .bss.Files     0x0000000020000094       0x20 Middlewares/FatFs/ff.o
 .bss.disk      0x00000000200000b4        0xc Middlewares/FatFs/ff_gen_drv.o
                0x00000000200000b4                disk
 .bss.cnth      0x00000000200000c0        0x4 Src/main.o
                0x00000000200000c0                cnth
 .bss.cntv      0x00000000200000c4        0x4 Src/main.o
                0x00000000200000c4                cntv
 .bss.number    0x00000000200000c8        0x1 Src/main.o
                0x00000000200000c8                number
 .bss.receive   0x00000000200000c9        0x1 Src/main.o
                0x00000000200000c9                receive
 *fill*         0x00000000200000ca        0x2 
 .bss.heap_end.6424
                0x00000000200000cc        0x4 Src/sysmem.o
 .bss.__malloc_free_list
                0x00000000200000d0        0x4 c:/st/stm32cubeide_1.0.1/stm32cubeide/plugins/com.st.stm32cube.ide.mcu.externaltools.gnu-tools-for-stm32.7-2018-q2-update.win32_1.0.0.201904181610/tools/bin/../lib/gcc/arm-none-eabi/7.3.1/../../../../arm-none-eabi/lib/thumb/v7e-m/fpv4-sp/hard\libc_nano.a(lib_a-nano-mallocr.o)
                0x00000000200000d0                __malloc_free_list
 .bss.__malloc_sbrk_start
                0x00000000200000d4        0x4 c:/st/stm32cubeide_1.0.1/stm32cubeide/plugins/com.st.stm32cube.ide.mcu.externaltools.gnu-tools-for-stm32.7-2018-q2-update.win32_1.0.0.201904181610/tools/bin/../lib/gcc/arm-none-eabi/7.3.1/../../../../arm-none-eabi/lib/thumb/v7e-m/fpv4-sp/hard\libc_nano.a(lib_a-nano-mallocr.o)
                0x00000000200000d4                __malloc_sbrk_start
 *(COMMON)
 COMMON         0x00000000200000d8        0x4 Drivers/STM32F4xx_HAL_Driver/stm32f4xx_hal.o
                0x00000000200000d8                uwTick
 COMMON         0x00000000200000dc     0x206c Src/fatfs.o
                0x00000000200000dc                retSD
                0x00000000200000e0                SDPath
                0x00000000200000e4                SDFile
                0x0000000020001114                SDFatFS
 COMMON         0x0000000020002148      0x104 Src/main.o
                0x0000000020002148                huart1
                0x0000000020002188                hsd
                0x000000002000220c                huart2
 COMMON         0x000000002000224c        0x2 Src/stm32f4xx_it.o
                0x000000002000224c                data
 *fill*         0x000000002000224e        0x2 
 COMMON         0x0000000020002250        0x4 c:/st/stm32cubeide_1.0.1/stm32cubeide/plugins/com.st.stm32cube.ide.mcu.externaltools.gnu-tools-for-stm32.7-2018-q2-update.win32_1.0.0.201904181610/tools/bin/../lib/gcc/arm-none-eabi/7.3.1/../../../../arm-none-eabi/lib/thumb/v7e-m/fpv4-sp/hard\libc_nano.a(lib_a-reent.o)
                0x0000000020002250                errno
                0x0000000020002254                . = ALIGN (0x4)
                0x0000000020002254                _ebss = .
                0x0000000020002254                __bss_end__ = _ebss

._user_heap_stack
                0x0000000020002254     0x1804 load address 0x0000000008008204
                0x0000000020002258                . = ALIGN (0x8)
 *fill*         0x0000000020002254        0x4 
                0x0000000020002258                PROVIDE (end = .)
                [!provide]                        PROVIDE (_end = .)
                0x0000000020003258                . = (. + _Min_Heap_Size)
 *fill*         0x0000000020002258     0x1000 
                0x0000000020003a58                . = (. + _Min_Stack_Size)
 *fill*         0x0000000020003258      0x800 
                0x0000000020003a58                . = ALIGN (0x8)

/DISCARD/
 libc.a(*)
 libm.a(*)
 libgcc.a(*)

.ARM.attributes
                0x0000000000000000       0x30
 *(.ARM.attributes)
 .ARM.attributes
                0x0000000000000000       0x22 c:/st/stm32cubeide_1.0.1/stm32cubeide/plugins/com.st.stm32cube.ide.mcu.externaltools.gnu-tools-for-stm32.7-2018-q2-update.win32_1.0.0.201904181610/tools/bin/../lib/gcc/arm-none-eabi/7.3.1/thumb/v7e-m/fpv4-sp/hard/crti.o
 .ARM.attributes
                0x0000000000000022       0x34 c:/st/stm32cubeide_1.0.1/stm32cubeide/plugins/com.st.stm32cube.ide.mcu.externaltools.gnu-tools-for-stm32.7-2018-q2-update.win32_1.0.0.201904181610/tools/bin/../lib/gcc/arm-none-eabi/7.3.1/thumb/v7e-m/fpv4-sp/hard/crtbegin.o
 .ARM.attributes
                0x0000000000000056       0x39 Drivers/STM32F4xx_HAL_Driver/stm32f4xx_hal.o
 .ARM.attributes
                0x000000000000008f       0x39 Drivers/STM32F4xx_HAL_Driver/stm32f4xx_hal_cortex.o
 .ARM.attributes
                0x00000000000000c8       0x39 Drivers/STM32F4xx_HAL_Driver/stm32f4xx_hal_dma.o
 .ARM.attributes
                0x0000000000000101       0x39 Drivers/STM32F4xx_HAL_Driver/stm32f4xx_hal_gpio.o
 .ARM.attributes
                0x000000000000013a       0x39 Drivers/STM32F4xx_HAL_Driver/stm32f4xx_hal_rcc.o
 .ARM.attributes
                0x0000000000000173       0x39 Drivers/STM32F4xx_HAL_Driver/stm32f4xx_hal_sd.o
 .ARM.attributes
                0x00000000000001ac       0x39 Drivers/STM32F4xx_HAL_Driver/stm32f4xx_hal_uart.o
 .ARM.attributes
                0x00000000000001e5       0x39 Drivers/STM32F4xx_HAL_Driver/stm32f4xx_ll_sdmmc.o
 .ARM.attributes
                0x000000000000021e       0x39 Middlewares/FatFs/diskio.o
 .ARM.attributes
                0x0000000000000257       0x39 Middlewares/FatFs/ff.o
 .ARM.attributes
                0x0000000000000290       0x39 Middlewares/FatFs/ff_gen_drv.o
 .ARM.attributes
                0x00000000000002c9       0x39 Src/bsp_driver_sd.o
 .ARM.attributes
                0x0000000000000302       0x39 Src/fatfs.o
 .ARM.attributes
                0x000000000000033b       0x39 Src/main.o
 .ARM.attributes
                0x0000000000000374       0x39 Src/sd_diskio.o
 .ARM.attributes
                0x00000000000003ad       0x39 Src/stm32f4xx_hal_msp.o
 .ARM.attributes
                0x00000000000003e6       0x39 Src/stm32f4xx_it.o
 .ARM.attributes
                0x000000000000041f       0x39 Src/sysmem.o
 .ARM.attributes
                0x0000000000000458       0x39 Src/system_stm32f4xx.o
 .ARM.attributes
                0x0000000000000491       0x21 Startup/startup_stm32f407vetx.o
 .ARM.attributes
                0x00000000000004b2       0x34 c:/st/stm32cubeide_1.0.1/stm32cubeide/plugins/com.st.stm32cube.ide.mcu.externaltools.gnu-tools-for-stm32.7-2018-q2-update.win32_1.0.0.201904181610/tools/bin/../lib/gcc/arm-none-eabi/7.3.1/../../../../arm-none-eabi/lib/thumb/v7e-m/fpv4-sp/hard\libc_nano.a(lib_a-errno.o)
 .ARM.attributes
                0x00000000000004e6       0x34 c:/st/stm32cubeide_1.0.1/stm32cubeide/plugins/com.st.stm32cube.ide.mcu.externaltools.gnu-tools-for-stm32.7-2018-q2-update.win32_1.0.0.201904181610/tools/bin/../lib/gcc/arm-none-eabi/7.3.1/../../../../arm-none-eabi/lib/thumb/v7e-m/fpv4-sp/hard\libc_nano.a(lib_a-impure.o)
 .ARM.attributes
                0x000000000000051a       0x34 c:/st/stm32cubeide_1.0.1/stm32cubeide/plugins/com.st.stm32cube.ide.mcu.externaltools.gnu-tools-for-stm32.7-2018-q2-update.win32_1.0.0.201904181610/tools/bin/../lib/gcc/arm-none-eabi/7.3.1/../../../../arm-none-eabi/lib/thumb/v7e-m/fpv4-sp/hard\libc_nano.a(lib_a-init.o)
 .ARM.attributes
                0x000000000000054e       0x34 c:/st/stm32cubeide_1.0.1/stm32cubeide/plugins/com.st.stm32cube.ide.mcu.externaltools.gnu-tools-for-stm32.7-2018-q2-update.win32_1.0.0.201904181610/tools/bin/../lib/gcc/arm-none-eabi/7.3.1/../../../../arm-none-eabi/lib/thumb/v7e-m/fpv4-sp/hard\libc_nano.a(lib_a-memset.o)
 .ARM.attributes
                0x0000000000000582       0x34 c:/st/stm32cubeide_1.0.1/stm32cubeide/plugins/com.st.stm32cube.ide.mcu.externaltools.gnu-tools-for-stm32.7-2018-q2-update.win32_1.0.0.201904181610/tools/bin/../lib/gcc/arm-none-eabi/7.3.1/../../../../arm-none-eabi/lib/thumb/v7e-m/fpv4-sp/hard\libc_nano.a(lib_a-sprintf.o)
 .ARM.attributes
                0x00000000000005b6       0x34 c:/st/stm32cubeide_1.0.1/stm32cubeide/plugins/com.st.stm32cube.ide.mcu.externaltools.gnu-tools-for-stm32.7-2018-q2-update.win32_1.0.0.201904181610/tools/bin/../lib/gcc/arm-none-eabi/7.3.1/../../../../arm-none-eabi/lib/thumb/v7e-m/fpv4-sp/hard\libc_nano.a(lib_a-nano-svfprintf.o)
 .ARM.attributes
                0x00000000000005ea       0x34 c:/st/stm32cubeide_1.0.1/stm32cubeide/plugins/com.st.stm32cube.ide.mcu.externaltools.gnu-tools-for-stm32.7-2018-q2-update.win32_1.0.0.201904181610/tools/bin/../lib/gcc/arm-none-eabi/7.3.1/../../../../arm-none-eabi/lib/thumb/v7e-m/fpv4-sp/hard\libc_nano.a(lib_a-nano-vfprintf_i.o)
 .ARM.attributes
                0x000000000000061e       0x20 c:/st/stm32cubeide_1.0.1/stm32cubeide/plugins/com.st.stm32cube.ide.mcu.externaltools.gnu-tools-for-stm32.7-2018-q2-update.win32_1.0.0.201904181610/tools/bin/../lib/gcc/arm-none-eabi/7.3.1/../../../../arm-none-eabi/lib/thumb/v7e-m/fpv4-sp/hard\libc_nano.a(lib_a-memchr.o)
 .ARM.attributes
                0x000000000000063e       0x34 c:/st/stm32cubeide_1.0.1/stm32cubeide/plugins/com.st.stm32cube.ide.mcu.externaltools.gnu-tools-for-stm32.7-2018-q2-update.win32_1.0.0.201904181610/tools/bin/../lib/gcc/arm-none-eabi/7.3.1/../../../../arm-none-eabi/lib/thumb/v7e-m/fpv4-sp/hard\libc_nano.a(lib_a-memcpy-stub.o)
 .ARM.attributes
                0x0000000000000672       0x34 c:/st/stm32cubeide_1.0.1/stm32cubeide/plugins/com.st.stm32cube.ide.mcu.externaltools.gnu-tools-for-stm32.7-2018-q2-update.win32_1.0.0.201904181610/tools/bin/../lib/gcc/arm-none-eabi/7.3.1/../../../../arm-none-eabi/lib/thumb/v7e-m/fpv4-sp/hard\libc_nano.a(lib_a-memmove.o)
 .ARM.attributes
                0x00000000000006a6       0x34 c:/st/stm32cubeide_1.0.1/stm32cubeide/plugins/com.st.stm32cube.ide.mcu.externaltools.gnu-tools-for-stm32.7-2018-q2-update.win32_1.0.0.201904181610/tools/bin/../lib/gcc/arm-none-eabi/7.3.1/../../../../arm-none-eabi/lib/thumb/v7e-m/fpv4-sp/hard\libc_nano.a(lib_a-nano-freer.o)
 .ARM.attributes
                0x00000000000006da       0x34 c:/st/stm32cubeide_1.0.1/stm32cubeide/plugins/com.st.stm32cube.ide.mcu.externaltools.gnu-tools-for-stm32.7-2018-q2-update.win32_1.0.0.201904181610/tools/bin/../lib/gcc/arm-none-eabi/7.3.1/../../../../arm-none-eabi/lib/thumb/v7e-m/fpv4-sp/hard\libc_nano.a(lib_a-nano-mallocr.o)
 .ARM.attributes
                0x000000000000070e       0x34 c:/st/stm32cubeide_1.0.1/stm32cubeide/plugins/com.st.stm32cube.ide.mcu.externaltools.gnu-tools-for-stm32.7-2018-q2-update.win32_1.0.0.201904181610/tools/bin/../lib/gcc/arm-none-eabi/7.3.1/../../../../arm-none-eabi/lib/thumb/v7e-m/fpv4-sp/hard\libc_nano.a(lib_a-nano-reallocr.o)
 .ARM.attributes
                0x0000000000000742       0x34 c:/st/stm32cubeide_1.0.1/stm32cubeide/plugins/com.st.stm32cube.ide.mcu.externaltools.gnu-tools-for-stm32.7-2018-q2-update.win32_1.0.0.201904181610/tools/bin/../lib/gcc/arm-none-eabi/7.3.1/../../../../arm-none-eabi/lib/thumb/v7e-m/fpv4-sp/hard\libc_nano.a(lib_a-sbrkr.o)
 .ARM.attributes
                0x0000000000000776       0x34 c:/st/stm32cubeide_1.0.1/stm32cubeide/plugins/com.st.stm32cube.ide.mcu.externaltools.gnu-tools-for-stm32.7-2018-q2-update.win32_1.0.0.201904181610/tools/bin/../lib/gcc/arm-none-eabi/7.3.1/../../../../arm-none-eabi/lib/thumb/v7e-m/fpv4-sp/hard\libc_nano.a(lib_a-mlock.o)
 .ARM.attributes
                0x00000000000007aa       0x34 c:/st/stm32cubeide_1.0.1/stm32cubeide/plugins/com.st.stm32cube.ide.mcu.externaltools.gnu-tools-for-stm32.7-2018-q2-update.win32_1.0.0.201904181610/tools/bin/../lib/gcc/arm-none-eabi/7.3.1/../../../../arm-none-eabi/lib/thumb/v7e-m/fpv4-sp/hard\libc_nano.a(lib_a-nano-msizer.o)
 .ARM.attributes
                0x00000000000007de       0x34 c:/st/stm32cubeide_1.0.1/stm32cubeide/plugins/com.st.stm32cube.ide.mcu.externaltools.gnu-tools-for-stm32.7-2018-q2-update.win32_1.0.0.201904181610/tools/bin/../lib/gcc/arm-none-eabi/7.3.1/../../../../arm-none-eabi/lib/thumb/v7e-m/fpv4-sp/hard\libc_nano.a(lib_a-reent.o)
 .ARM.attributes
                0x0000000000000812       0x22 c:/st/stm32cubeide_1.0.1/stm32cubeide/plugins/com.st.stm32cube.ide.mcu.externaltools.gnu-tools-for-stm32.7-2018-q2-update.win32_1.0.0.201904181610/tools/bin/../lib/gcc/arm-none-eabi/7.3.1/thumb/v7e-m/fpv4-sp/hard\libgcc.a(_aeabi_uldivmod.o)
 .ARM.attributes
                0x0000000000000834       0x34 c:/st/stm32cubeide_1.0.1/stm32cubeide/plugins/com.st.stm32cube.ide.mcu.externaltools.gnu-tools-for-stm32.7-2018-q2-update.win32_1.0.0.201904181610/tools/bin/../lib/gcc/arm-none-eabi/7.3.1/thumb/v7e-m/fpv4-sp/hard\libgcc.a(_udivmoddi4.o)
 .ARM.attributes
                0x0000000000000868       0x22 c:/st/stm32cubeide_1.0.1/stm32cubeide/plugins/com.st.stm32cube.ide.mcu.externaltools.gnu-tools-for-stm32.7-2018-q2-update.win32_1.0.0.201904181610/tools/bin/../lib/gcc/arm-none-eabi/7.3.1/thumb/v7e-m/fpv4-sp/hard\libgcc.a(_dvmd_tls.o)
 .ARM.attributes
                0x000000000000088a       0x22 c:/st/stm32cubeide_1.0.1/stm32cubeide/plugins/com.st.stm32cube.ide.mcu.externaltools.gnu-tools-for-stm32.7-2018-q2-update.win32_1.0.0.201904181610/tools/bin/../lib/gcc/arm-none-eabi/7.3.1/thumb/v7e-m/fpv4-sp/hard/crtn.o
OUTPUT(EL_LCD2.01.elf elf32-littlearm)

.debug_info     0x0000000000000000    0x11eb6
 .debug_info    0x0000000000000000      0x921 Drivers/STM32F4xx_HAL_Driver/stm32f4xx_hal.o
 .debug_info    0x0000000000000921      0xdd6 Drivers/STM32F4xx_HAL_Driver/stm32f4xx_hal_cortex.o
 .debug_info    0x00000000000016f7      0x916 Drivers/STM32F4xx_HAL_Driver/stm32f4xx_hal_dma.o
 .debug_info    0x000000000000200d      0x763 Drivers/STM32F4xx_HAL_Driver/stm32f4xx_hal_gpio.o
 .debug_info    0x0000000000002770      0x8a4 Drivers/STM32F4xx_HAL_Driver/stm32f4xx_hal_rcc.o
 .debug_info    0x0000000000003014     0x1790 Drivers/STM32F4xx_HAL_Driver/stm32f4xx_hal_sd.o
 .debug_info    0x00000000000047a4     0x11d5 Drivers/STM32F4xx_HAL_Driver/stm32f4xx_hal_uart.o
 .debug_info    0x0000000000005979     0x106b Drivers/STM32F4xx_HAL_Driver/stm32f4xx_ll_sdmmc.o
 .debug_info    0x00000000000069e4      0xc85 Middlewares/FatFs/diskio.o
 .debug_info    0x0000000000007669     0x2a0c Middlewares/FatFs/ff.o
 .debug_info    0x000000000000a075      0xc1d Middlewares/FatFs/ff_gen_drv.o
 .debug_info    0x000000000000ac92      0xa7e Src/bsp_driver_sd.o
 .debug_info    0x000000000000b710      0xd3b Src/fatfs.o
 .debug_info    0x000000000000c44b     0x29bf Src/main.o
 .debug_info    0x000000000000ee0a      0xcbd Src/sd_diskio.o
 .debug_info    0x000000000000fac7      0xf2c Src/stm32f4xx_hal_msp.o
 .debug_info    0x00000000000109f3      0x683 Src/stm32f4xx_it.o
 .debug_info    0x0000000000011076      0x91c Src/sysmem.o
 .debug_info    0x0000000000011992      0x502 Src/system_stm32f4xx.o
 .debug_info    0x0000000000011e94       0x22 Startup/startup_stm32f407vetx.o

.debug_abbrev   0x0000000000000000     0x2935
 .debug_abbrev  0x0000000000000000      0x1cb Drivers/STM32F4xx_HAL_Driver/stm32f4xx_hal.o
 .debug_abbrev  0x00000000000001cb      0x2fa Drivers/STM32F4xx_HAL_Driver/stm32f4xx_hal_cortex.o
 .debug_abbrev  0x00000000000004c5      0x229 Drivers/STM32F4xx_HAL_Driver/stm32f4xx_hal_dma.o
 .debug_abbrev  0x00000000000006ee      0x1c9 Drivers/STM32F4xx_HAL_Driver/stm32f4xx_hal_gpio.o
 .debug_abbrev  0x00000000000008b7      0x245 Drivers/STM32F4xx_HAL_Driver/stm32f4xx_hal_rcc.o
 .debug_abbrev  0x0000000000000afc      0x23d Drivers/STM32F4xx_HAL_Driver/stm32f4xx_hal_sd.o
 .debug_abbrev  0x0000000000000d39      0x242 Drivers/STM32F4xx_HAL_Driver/stm32f4xx_hal_uart.o
 .debug_abbrev  0x0000000000000f7b      0x1cd Drivers/STM32F4xx_HAL_Driver/stm32f4xx_ll_sdmmc.o
 .debug_abbrev  0x0000000000001148      0x209 Middlewares/FatFs/diskio.o
 .debug_abbrev  0x0000000000001351      0x2a5 Middlewares/FatFs/ff.o
 .debug_abbrev  0x00000000000015f6      0x236 Middlewares/FatFs/ff_gen_drv.o
 .debug_abbrev  0x000000000000182c      0x277 Src/bsp_driver_sd.o
 .debug_abbrev  0x0000000000001aa3      0x1df Src/fatfs.o
 .debug_abbrev  0x0000000000001c82      0x4ab Src/main.o
 .debug_abbrev  0x000000000000212d      0x1fa Src/sd_diskio.o
 .debug_abbrev  0x0000000000002327      0x1a4 Src/stm32f4xx_hal_msp.o
 .debug_abbrev  0x00000000000024cb      0x18c Src/stm32f4xx_it.o
 .debug_abbrev  0x0000000000002657      0x1bb Src/sysmem.o
 .debug_abbrev  0x0000000000002812      0x111 Src/system_stm32f4xx.o
 .debug_abbrev  0x0000000000002923       0x12 Startup/startup_stm32f407vetx.o

.debug_aranges  0x0000000000000000      0xd70
 .debug_aranges
                0x0000000000000000       0xf0 Drivers/STM32F4xx_HAL_Driver/stm32f4xx_hal.o
 .debug_aranges
                0x00000000000000f0      0x118 Drivers/STM32F4xx_HAL_Driver/stm32f4xx_hal_cortex.o
 .debug_aranges
                0x0000000000000208       0x90 Drivers/STM32F4xx_HAL_Driver/stm32f4xx_hal_dma.o
 .debug_aranges
                0x0000000000000298       0x58 Drivers/STM32F4xx_HAL_Driver/stm32f4xx_hal_gpio.o
 .debug_aranges
                0x00000000000002f0       0x88 Drivers/STM32F4xx_HAL_Driver/stm32f4xx_hal_rcc.o
 .debug_aranges
                0x0000000000000378      0x168 Drivers/STM32F4xx_HAL_Driver/stm32f4xx_hal_sd.o
 .debug_aranges
                0x00000000000004e0      0x1d0 Drivers/STM32F4xx_HAL_Driver/stm32f4xx_hal_uart.o
 .debug_aranges
                0x00000000000006b0      0x178 Drivers/STM32F4xx_HAL_Driver/stm32f4xx_ll_sdmmc.o
 .debug_aranges
                0x0000000000000828       0x48 Middlewares/FatFs/diskio.o
 .debug_aranges
                0x0000000000000870      0x208 Middlewares/FatFs/ff.o
 .debug_aranges
                0x0000000000000a78       0x40 Middlewares/FatFs/ff_gen_drv.o
 .debug_aranges
                0x0000000000000ab8       0xc0 Src/bsp_driver_sd.o
 .debug_aranges
                0x0000000000000b78       0x28 Src/fatfs.o
 .debug_aranges
                0x0000000000000ba0       0x70 Src/main.o
 .debug_aranges
                0x0000000000000c10       0x48 Src/sd_diskio.o
 .debug_aranges
                0x0000000000000c58       0x40 Src/stm32f4xx_hal_msp.o
 .debug_aranges
                0x0000000000000c98       0x68 Src/stm32f4xx_it.o
 .debug_aranges
                0x0000000000000d00       0x20 Src/sysmem.o
 .debug_aranges
                0x0000000000000d20       0x28 Src/system_stm32f4xx.o
 .debug_aranges
                0x0000000000000d48       0x28 Startup/startup_stm32f407vetx.o

.debug_ranges   0x0000000000000000      0xcc8
 .debug_ranges  0x0000000000000000       0xe0 Drivers/STM32F4xx_HAL_Driver/stm32f4xx_hal.o
 .debug_ranges  0x00000000000000e0      0x108 Drivers/STM32F4xx_HAL_Driver/stm32f4xx_hal_cortex.o
 .debug_ranges  0x00000000000001e8       0x80 Drivers/STM32F4xx_HAL_Driver/stm32f4xx_hal_dma.o
 .debug_ranges  0x0000000000000268       0x48 Drivers/STM32F4xx_HAL_Driver/stm32f4xx_hal_gpio.o
 .debug_ranges  0x00000000000002b0       0x78 Drivers/STM32F4xx_HAL_Driver/stm32f4xx_hal_rcc.o
 .debug_ranges  0x0000000000000328      0x158 Drivers/STM32F4xx_HAL_Driver/stm32f4xx_hal_sd.o
 .debug_ranges  0x0000000000000480      0x1c0 Drivers/STM32F4xx_HAL_Driver/stm32f4xx_hal_uart.o
 .debug_ranges  0x0000000000000640      0x168 Drivers/STM32F4xx_HAL_Driver/stm32f4xx_ll_sdmmc.o
 .debug_ranges  0x00000000000007a8       0x38 Middlewares/FatFs/diskio.o
 .debug_ranges  0x00000000000007e0      0x1f8 Middlewares/FatFs/ff.o
 .debug_ranges  0x00000000000009d8       0x30 Middlewares/FatFs/ff_gen_drv.o
 .debug_ranges  0x0000000000000a08       0xb0 Src/bsp_driver_sd.o
 .debug_ranges  0x0000000000000ab8       0x18 Src/fatfs.o
 .debug_ranges  0x0000000000000ad0       0xf0 Src/main.o
 .debug_ranges  0x0000000000000bc0       0x38 Src/sd_diskio.o
 .debug_ranges  0x0000000000000bf8       0x30 Src/stm32f4xx_hal_msp.o
 .debug_ranges  0x0000000000000c28       0x58 Src/stm32f4xx_it.o
 .debug_ranges  0x0000000000000c80       0x10 Src/sysmem.o
 .debug_ranges  0x0000000000000c90       0x18 Src/system_stm32f4xx.o
 .debug_ranges  0x0000000000000ca8       0x20 Startup/startup_stm32f407vetx.o

.debug_macro    0x0000000000000000    0x23041
 .debug_macro   0x0000000000000000      0x233 Drivers/STM32F4xx_HAL_Driver/stm32f4xx_hal.o
 .debug_macro   0x0000000000000233      0xa5a Drivers/STM32F4xx_HAL_Driver/stm32f4xx_hal.o
 .debug_macro   0x0000000000000c8d      0x18a Drivers/STM32F4xx_HAL_Driver/stm32f4xx_hal.o
 .debug_macro   0x0000000000000e17       0x32 Drivers/STM32F4xx_HAL_Driver/stm32f4xx_hal.o
 .debug_macro   0x0000000000000e49       0x2f Drivers/STM32F4xx_HAL_Driver/stm32f4xx_hal.o
 .debug_macro   0x0000000000000e78       0x22 Drivers/STM32F4xx_HAL_Driver/stm32f4xx_hal.o
 .debug_macro   0x0000000000000e9a       0x8e Drivers/STM32F4xx_HAL_Driver/stm32f4xx_hal.o
 .debug_macro   0x0000000000000f28       0x51 Drivers/STM32F4xx_HAL_Driver/stm32f4xx_hal.o
 .debug_macro   0x0000000000000f79       0xef Drivers/STM32F4xx_HAL_Driver/stm32f4xx_hal.o
 .debug_macro   0x0000000000001068       0x6a Drivers/STM32F4xx_HAL_Driver/stm32f4xx_hal.o
 .debug_macro   0x00000000000010d2      0x1df Drivers/STM32F4xx_HAL_Driver/stm32f4xx_hal.o
 .debug_macro   0x00000000000012b1       0x1c Drivers/STM32F4xx_HAL_Driver/stm32f4xx_hal.o
 .debug_macro   0x00000000000012cd       0x22 Drivers/STM32F4xx_HAL_Driver/stm32f4xx_hal.o
 .debug_macro   0x00000000000012ef       0xdf Drivers/STM32F4xx_HAL_Driver/stm32f4xx_hal.o
 .debug_macro   0x00000000000013ce     0x102d Drivers/STM32F4xx_HAL_Driver/stm32f4xx_hal.o
 .debug_macro   0x00000000000023fb      0x11f Drivers/STM32F4xx_HAL_Driver/stm32f4xx_hal.o
 .debug_macro   0x000000000000251a    0x15e43 Drivers/STM32F4xx_HAL_Driver/stm32f4xx_hal.o
 .debug_macro   0x000000000001835d       0x43 Drivers/STM32F4xx_HAL_Driver/stm32f4xx_hal.o
 .debug_macro   0x00000000000183a0     0x35d4 Drivers/STM32F4xx_HAL_Driver/stm32f4xx_hal.o
 .debug_macro   0x000000000001b974      0x174 Drivers/STM32F4xx_HAL_Driver/stm32f4xx_hal.o
 .debug_macro   0x000000000001bae8       0x5a Drivers/STM32F4xx_HAL_Driver/stm32f4xx_hal.o
 .debug_macro   0x000000000001bb42      0x96b Drivers/STM32F4xx_HAL_Driver/stm32f4xx_hal.o
 .debug_macro   0x000000000001c4ad      0x9fe Drivers/STM32F4xx_HAL_Driver/stm32f4xx_hal.o
 .debug_macro   0x000000000001ceab       0xed Drivers/STM32F4xx_HAL_Driver/stm32f4xx_hal.o
 .debug_macro   0x000000000001cf98      0x117 Drivers/STM32F4xx_HAL_Driver/stm32f4xx_hal.o
 .debug_macro   0x000000000001d0af      0x13e Drivers/STM32F4xx_HAL_Driver/stm32f4xx_hal.o
 .debug_macro   0x000000000001d1ed       0x27 Drivers/STM32F4xx_HAL_Driver/stm32f4xx_hal.o
 .debug_macro   0x000000000001d214      0x287 Drivers/STM32F4xx_HAL_Driver/stm32f4xx_hal.o
 .debug_macro   0x000000000001d49b       0x5f Drivers/STM32F4xx_HAL_Driver/stm32f4xx_hal.o
 .debug_macro   0x000000000001d4fa      0x236 Drivers/STM32F4xx_HAL_Driver/stm32f4xx_hal.o
 .debug_macro   0x000000000001d730      0x12c Drivers/STM32F4xx_HAL_Driver/stm32f4xx_hal.o
 .debug_macro   0x000000000001d85c      0x21e Drivers/STM32F4xx_HAL_Driver/stm32f4xx_hal.o
 .debug_macro   0x000000000001da7a       0x2e Drivers/STM32F4xx_HAL_Driver/stm32f4xx_hal.o
 .debug_macro   0x000000000001daa8      0x11a Drivers/STM32F4xx_HAL_Driver/stm32f4xx_hal.o
 .debug_macro   0x000000000001dbc2       0x7e Drivers/STM32F4xx_HAL_Driver/stm32f4xx_hal.o
 .debug_macro   0x000000000001dc40       0x89 Drivers/STM32F4xx_HAL_Driver/stm32f4xx_hal.o
 .debug_macro   0x000000000001dcc9      0x845 Drivers/STM32F4xx_HAL_Driver/stm32f4xx_hal.o
 .debug_macro   0x000000000001e50e      0x19f Drivers/STM32F4xx_HAL_Driver/stm32f4xx_hal.o
 .debug_macro   0x000000000001e6ad      0x287 Drivers/STM32F4xx_HAL_Driver/stm32f4xx_hal.o
 .debug_macro   0x000000000001e934      0x12d Drivers/STM32F4xx_HAL_Driver/stm32f4xx_hal.o
 .debug_macro   0x000000000001ea61      0x1d3 Drivers/STM32F4xx_HAL_Driver/stm32f4xx_hal_cortex.o
 .debug_macro   0x000000000001ec34      0x1d9 Drivers/STM32F4xx_HAL_Driver/stm32f4xx_hal_dma.o
 .debug_macro   0x000000000001ee0d      0x209 Drivers/STM32F4xx_HAL_Driver/stm32f4xx_hal_gpio.o
 .debug_macro   0x000000000001f016      0x1f7 Drivers/STM32F4xx_HAL_Driver/stm32f4xx_hal_rcc.o
 .debug_macro   0x000000000001f20d      0x1d4 Drivers/STM32F4xx_HAL_Driver/stm32f4xx_hal_sd.o
 .debug_macro   0x000000000001f3e1      0x1d4 Drivers/STM32F4xx_HAL_Driver/stm32f4xx_hal_uart.o
 .debug_macro   0x000000000001f5b5      0x1d4 Drivers/STM32F4xx_HAL_Driver/stm32f4xx_ll_sdmmc.o
 .debug_macro   0x000000000001f789      0x2f0 Middlewares/FatFs/diskio.o
 .debug_macro   0x000000000001fa79       0x16 Middlewares/FatFs/diskio.o
 .debug_macro   0x000000000001fa8f       0x7c Middlewares/FatFs/diskio.o
 .debug_macro   0x000000000001fb0b      0x237 Middlewares/FatFs/diskio.o
 .debug_macro   0x000000000001fd42       0x3a Middlewares/FatFs/diskio.o
 .debug_macro   0x000000000001fd7c       0xe5 Middlewares/FatFs/diskio.o
 .debug_macro   0x000000000001fe61       0x18 Middlewares/FatFs/diskio.o
 .debug_macro   0x000000000001fe79       0x46 Middlewares/FatFs/diskio.o
 .debug_macro   0x000000000001febf       0x3c Middlewares/FatFs/diskio.o
 .debug_macro   0x000000000001fefb       0x34 Middlewares/FatFs/diskio.o
 .debug_macro   0x000000000001ff2f       0x16 Middlewares/FatFs/diskio.o
 .debug_macro   0x000000000001ff45       0x35 Middlewares/FatFs/diskio.o
 .debug_macro   0x000000000001ff7a       0x52 Middlewares/FatFs/diskio.o
 .debug_macro   0x000000000001ffcc       0x1f Middlewares/FatFs/diskio.o
 .debug_macro   0x000000000001ffeb       0x43 Middlewares/FatFs/diskio.o
 .debug_macro   0x000000000002002e       0x20 Middlewares/FatFs/diskio.o
 .debug_macro   0x000000000002004e      0x1a3 Middlewares/FatFs/diskio.o
 .debug_macro   0x00000000000201f1      0x32a Middlewares/FatFs/diskio.o
 .debug_macro   0x000000000002051b       0x16 Middlewares/FatFs/diskio.o
 .debug_macro   0x0000000000020531       0x29 Middlewares/FatFs/diskio.o
 .debug_macro   0x000000000002055a       0x12 Middlewares/FatFs/diskio.o
 .debug_macro   0x000000000002056c       0xe2 Middlewares/FatFs/diskio.o
 .debug_macro   0x000000000002064e      0x6f7 Middlewares/FatFs/ff.o
 .debug_macro   0x0000000000020d45       0x8e Middlewares/FatFs/ff.o
 .debug_macro   0x0000000000020dd3       0x58 Middlewares/FatFs/ff.o
 .debug_macro   0x0000000000020e2b      0x2f0 Middlewares/FatFs/ff_gen_drv.o
 .debug_macro   0x000000000002111b      0x1e2 Src/bsp_driver_sd.o
 .debug_macro   0x00000000000212fd       0x34 Src/bsp_driver_sd.o
 .debug_macro   0x0000000000021331      0x303 Src/fatfs.o
 .debug_macro   0x0000000000021634      0x307 Src/main.o
 .debug_macro   0x000000000002193b      0xa5a Src/main.o
 .debug_macro   0x0000000000022395      0x306 Src/sd_diskio.o
 .debug_macro   0x000000000002269b      0x1e2 Src/stm32f4xx_hal_msp.o
 .debug_macro   0x000000000002287d      0x1ec Src/stm32f4xx_it.o
 .debug_macro   0x0000000000022a69      0x1ae Src/sysmem.o
 .debug_macro   0x0000000000022c17      0x23b Src/sysmem.o
 .debug_macro   0x0000000000022e52       0x16 Src/sysmem.o
 .debug_macro   0x0000000000022e68      0x1d9 Src/system_stm32f4xx.o

.debug_line     0x0000000000000000     0xd990
 .debug_line    0x0000000000000000      0x9d8 Drivers/STM32F4xx_HAL_Driver/stm32f4xx_hal.o
 .debug_line    0x00000000000009d8      0xaff Drivers/STM32F4xx_HAL_Driver/stm32f4xx_hal_cortex.o
 .debug_line    0x00000000000014d7      0xaaa Drivers/STM32F4xx_HAL_Driver/stm32f4xx_hal_dma.o
 .debug_line    0x0000000000001f81      0x9ba Drivers/STM32F4xx_HAL_Driver/stm32f4xx_hal_gpio.o
 .debug_line    0x000000000000293b      0xa1f Drivers/STM32F4xx_HAL_Driver/stm32f4xx_hal_rcc.o
 .debug_line    0x000000000000335a      0xff8 Drivers/STM32F4xx_HAL_Driver/stm32f4xx_hal_sd.o
 .debug_line    0x0000000000004352     0x10d2 Drivers/STM32F4xx_HAL_Driver/stm32f4xx_hal_uart.o
 .debug_line    0x0000000000005424      0xc4f Drivers/STM32F4xx_HAL_Driver/stm32f4xx_ll_sdmmc.o
 .debug_line    0x0000000000006073      0x9db Middlewares/FatFs/diskio.o
 .debug_line    0x0000000000006a4e     0x1d82 Middlewares/FatFs/ff.o
 .debug_line    0x00000000000087d0      0x9d9 Middlewares/FatFs/ff_gen_drv.o
 .debug_line    0x00000000000091a9      0x915 Src/bsp_driver_sd.o
 .debug_line    0x0000000000009abe      0x9a9 Src/fatfs.o
 .debug_line    0x000000000000a467      0xd04 Src/main.o
 .debug_line    0x000000000000b16b      0xa25 Src/sd_diskio.o
 .debug_line    0x000000000000bb90      0x81b Src/stm32f4xx_hal_msp.o
 .debug_line    0x000000000000c3ab      0x852 Src/stm32f4xx_it.o
 .debug_line    0x000000000000cbfd      0x559 Src/sysmem.o
 .debug_line    0x000000000000d156      0x7b9 Src/system_stm32f4xx.o
 .debug_line    0x000000000000d90f       0x81 Startup/startup_stm32f407vetx.o

.debug_str      0x0000000000000000    0xc975a
 .debug_str     0x0000000000000000    0xc0275 Drivers/STM32F4xx_HAL_Driver/stm32f4xx_hal.o
                                      0xc0601 (size before relaxing)
 .debug_str     0x00000000000c0275      0x426 Drivers/STM32F4xx_HAL_Driver/stm32f4xx_hal_cortex.o
                                      0xc037c (size before relaxing)
 .debug_str     0x00000000000c069b      0x577 Drivers/STM32F4xx_HAL_Driver/stm32f4xx_hal_dma.o
                                      0xbfed5 (size before relaxing)
 .debug_str     0x00000000000c0c12      0x2cb Drivers/STM32F4xx_HAL_Driver/stm32f4xx_hal_gpio.o
                                      0xbfcff (size before relaxing)
 .debug_str     0x00000000000c0edd      0x3bd Drivers/STM32F4xx_HAL_Driver/stm32f4xx_hal_rcc.o
                                      0xbfea2 (size before relaxing)
 .debug_str     0x00000000000c129a      0x9ab Drivers/STM32F4xx_HAL_Driver/stm32f4xx_hal_sd.o
                                      0xc064b (size before relaxing)
 .debug_str     0x00000000000c1c45      0x6d8 Drivers/STM32F4xx_HAL_Driver/stm32f4xx_hal_uart.o
                                      0xc02f3 (size before relaxing)
 .debug_str     0x00000000000c231d      0x46e Drivers/STM32F4xx_HAL_Driver/stm32f4xx_ll_sdmmc.o
                                      0xbff29 (size before relaxing)
 .debug_str     0x00000000000c278b     0x3f9c Middlewares/FatFs/diskio.o
                                      0xc3904 (size before relaxing)
 .debug_str     0x00000000000c6727     0x1285 Middlewares/FatFs/ff.o
                                      0xc4b2d (size before relaxing)
 .debug_str     0x00000000000c79ac       0xdb Middlewares/FatFs/ff_gen_drv.o
                                      0xc3955 (size before relaxing)
 .debug_str     0x00000000000c7a87      0x1b5 Src/bsp_driver_sd.o
                                      0xc017a (size before relaxing)
 .debug_str     0x00000000000c7c3c       0x5d Src/fatfs.o
                                      0xc399f (size before relaxing)
 .debug_str     0x00000000000c7c99      0x26d Src/main.o
                                      0xc45e4 (size before relaxing)
 .debug_str     0x00000000000c7f06       0x90 Src/sd_diskio.o
                                      0xc3983 (size before relaxing)
 .debug_str     0x00000000000c7f96       0x1b Src/stm32f4xx_hal_msp.o
                                      0xc0da0 (size before relaxing)
 .debug_str     0x00000000000c7fb1       0xca Src/stm32f4xx_it.o
                                      0xc05a6 (size before relaxing)
 .debug_str     0x00000000000c807b     0x1654 Src/sysmem.o
                                       0x7adf (size before relaxing)
 .debug_str     0x00000000000c96cf       0x5a Src/system_stm32f4xx.o
                                      0xbfa82 (size before relaxing)
 .debug_str     0x00000000000c9729       0x31 Startup/startup_stm32f407vetx.o
                                         0x61 (size before relaxing)

.comment        0x0000000000000000       0x7b
 .comment       0x0000000000000000       0x7b Drivers/STM32F4xx_HAL_Driver/stm32f4xx_hal.o
                                         0x7c (size before relaxing)
 .comment       0x000000000000007b       0x7c Drivers/STM32F4xx_HAL_Driver/stm32f4xx_hal_cortex.o
 .comment       0x000000000000007b       0x7c Drivers/STM32F4xx_HAL_Driver/stm32f4xx_hal_dma.o
 .comment       0x000000000000007b       0x7c Drivers/STM32F4xx_HAL_Driver/stm32f4xx_hal_gpio.o
 .comment       0x000000000000007b       0x7c Drivers/STM32F4xx_HAL_Driver/stm32f4xx_hal_rcc.o
 .comment       0x000000000000007b       0x7c Drivers/STM32F4xx_HAL_Driver/stm32f4xx_hal_sd.o
 .comment       0x000000000000007b       0x7c Drivers/STM32F4xx_HAL_Driver/stm32f4xx_hal_uart.o
 .comment       0x000000000000007b       0x7c Drivers/STM32F4xx_HAL_Driver/stm32f4xx_ll_sdmmc.o
 .comment       0x000000000000007b       0x7c Middlewares/FatFs/diskio.o
 .comment       0x000000000000007b       0x7c Middlewares/FatFs/ff.o
 .comment       0x000000000000007b       0x7c Middlewares/FatFs/ff_gen_drv.o
 .comment       0x000000000000007b       0x7c Src/bsp_driver_sd.o
 .comment       0x000000000000007b       0x7c Src/fatfs.o
 .comment       0x000000000000007b       0x7c Src/main.o
 .comment       0x000000000000007b       0x7c Src/sd_diskio.o
 .comment       0x000000000000007b       0x7c Src/stm32f4xx_hal_msp.o
 .comment       0x000000000000007b       0x7c Src/stm32f4xx_it.o
 .comment       0x000000000000007b       0x7c Src/sysmem.o
 .comment       0x000000000000007b       0x7c Src/system_stm32f4xx.o

.debug_frame    0x0000000000000000     0x3978
 .debug_frame   0x0000000000000000      0x374 Drivers/STM32F4xx_HAL_Driver/stm32f4xx_hal.o
 .debug_frame   0x0000000000000374      0x498 Drivers/STM32F4xx_HAL_Driver/stm32f4xx_hal_cortex.o
 .debug_frame   0x000000000000080c      0x250 Drivers/STM32F4xx_HAL_Driver/stm32f4xx_hal_dma.o
 .debug_frame   0x0000000000000a5c      0x14c Drivers/STM32F4xx_HAL_Driver/stm32f4xx_hal_gpio.o
 .debug_frame   0x0000000000000ba8      0x1f0 Drivers/STM32F4xx_HAL_Driver/stm32f4xx_hal_rcc.o
 .debug_frame   0x0000000000000d98      0x658 Drivers/STM32F4xx_HAL_Driver/stm32f4xx_hal_sd.o
 .debug_frame   0x00000000000013f0      0x83c Drivers/STM32F4xx_HAL_Driver/stm32f4xx_hal_uart.o
 .debug_frame   0x0000000000001c2c      0x690 Drivers/STM32F4xx_HAL_Driver/stm32f4xx_ll_sdmmc.o
 .debug_frame   0x00000000000022bc       0xec Middlewares/FatFs/diskio.o
 .debug_frame   0x00000000000023a8      0x94c Middlewares/FatFs/ff.o
 .debug_frame   0x0000000000002cf4       0xc8 Middlewares/FatFs/ff_gen_drv.o
 .debug_frame   0x0000000000002dbc      0x2d0 Src/bsp_driver_sd.o
 .debug_frame   0x000000000000308c       0x4c Src/fatfs.o
 .debug_frame   0x00000000000030d8      0x144 Src/main.o
 .debug_frame   0x000000000000321c       0xe8 Src/sd_diskio.o
 .debug_frame   0x0000000000003304       0xc8 Src/stm32f4xx_hal_msp.o
 .debug_frame   0x00000000000033cc      0x130 Src/stm32f4xx_it.o
 .debug_frame   0x00000000000034fc       0x34 Src/sysmem.o
 .debug_frame   0x0000000000003530       0x58 Src/system_stm32f4xx.o
 .debug_frame   0x0000000000003588       0x20 c:/st/stm32cubeide_1.0.1/stm32cubeide/plugins/com.st.stm32cube.ide.mcu.externaltools.gnu-tools-for-stm32.7-2018-q2-update.win32_1.0.0.201904181610/tools/bin/../lib/gcc/arm-none-eabi/7.3.1/../../../../arm-none-eabi/lib/thumb/v7e-m/fpv4-sp/hard\libc_nano.a(lib_a-errno.o)
 .debug_frame   0x00000000000035a8       0x2c c:/st/stm32cubeide_1.0.1/stm32cubeide/plugins/com.st.stm32cube.ide.mcu.externaltools.gnu-tools-for-stm32.7-2018-q2-update.win32_1.0.0.201904181610/tools/bin/../lib/gcc/arm-none-eabi/7.3.1/../../../../arm-none-eabi/lib/thumb/v7e-m/fpv4-sp/hard\libc_nano.a(lib_a-init.o)
 .debug_frame   0x00000000000035d4       0x20 c:/st/stm32cubeide_1.0.1/stm32cubeide/plugins/com.st.stm32cube.ide.mcu.externaltools.gnu-tools-for-stm32.7-2018-q2-update.win32_1.0.0.201904181610/tools/bin/../lib/gcc/arm-none-eabi/7.3.1/../../../../arm-none-eabi/lib/thumb/v7e-m/fpv4-sp/hard\libc_nano.a(lib_a-memset.o)
 .debug_frame   0x00000000000035f4       0x6c c:/st/stm32cubeide_1.0.1/stm32cubeide/plugins/com.st.stm32cube.ide.mcu.externaltools.gnu-tools-for-stm32.7-2018-q2-update.win32_1.0.0.201904181610/tools/bin/../lib/gcc/arm-none-eabi/7.3.1/../../../../arm-none-eabi/lib/thumb/v7e-m/fpv4-sp/hard\libc_nano.a(lib_a-sprintf.o)
 .debug_frame   0x0000000000003660       0x90 c:/st/stm32cubeide_1.0.1/stm32cubeide/plugins/com.st.stm32cube.ide.mcu.externaltools.gnu-tools-for-stm32.7-2018-q2-update.win32_1.0.0.201904181610/tools/bin/../lib/gcc/arm-none-eabi/7.3.1/../../../../arm-none-eabi/lib/thumb/v7e-m/fpv4-sp/hard\libc_nano.a(lib_a-nano-svfprintf.o)
 .debug_frame   0x00000000000036f0       0x60 c:/st/stm32cubeide_1.0.1/stm32cubeide/plugins/com.st.stm32cube.ide.mcu.externaltools.gnu-tools-for-stm32.7-2018-q2-update.win32_1.0.0.201904181610/tools/bin/../lib/gcc/arm-none-eabi/7.3.1/../../../../arm-none-eabi/lib/thumb/v7e-m/fpv4-sp/hard\libc_nano.a(lib_a-nano-vfprintf_i.o)
 .debug_frame   0x0000000000003750       0x28 c:/st/stm32cubeide_1.0.1/stm32cubeide/plugins/com.st.stm32cube.ide.mcu.externaltools.gnu-tools-for-stm32.7-2018-q2-update.win32_1.0.0.201904181610/tools/bin/../lib/gcc/arm-none-eabi/7.3.1/../../../../arm-none-eabi/lib/thumb/v7e-m/fpv4-sp/hard\libc_nano.a(lib_a-memcpy-stub.o)
 .debug_frame   0x0000000000003778       0x28 c:/st/stm32cubeide_1.0.1/stm32cubeide/plugins/com.st.stm32cube.ide.mcu.externaltools.gnu-tools-for-stm32.7-2018-q2-update.win32_1.0.0.201904181610/tools/bin/../lib/gcc/arm-none-eabi/7.3.1/../../../../arm-none-eabi/lib/thumb/v7e-m/fpv4-sp/hard\libc_nano.a(lib_a-memmove.o)
 .debug_frame   0x00000000000037a0       0x38 c:/st/stm32cubeide_1.0.1/stm32cubeide/plugins/com.st.stm32cube.ide.mcu.externaltools.gnu-tools-for-stm32.7-2018-q2-update.win32_1.0.0.201904181610/tools/bin/../lib/gcc/arm-none-eabi/7.3.1/../../../../arm-none-eabi/lib/thumb/v7e-m/fpv4-sp/hard\libc_nano.a(lib_a-nano-freer.o)
 .debug_frame   0x00000000000037d8       0x2c c:/st/stm32cubeide_1.0.1/stm32cubeide/plugins/com.st.stm32cube.ide.mcu.externaltools.gnu-tools-for-stm32.7-2018-q2-update.win32_1.0.0.201904181610/tools/bin/../lib/gcc/arm-none-eabi/7.3.1/../../../../arm-none-eabi/lib/thumb/v7e-m/fpv4-sp/hard\libc_nano.a(lib_a-nano-mallocr.o)